Component: ARM Compiler 6.16 Tool: armlink [5dfeaa00]

==============================================================================

Section Cross References

    startup_stm32l431xx.o(STACK) refers (Special) to heapauxi.o(.text) for __use_two_region_memory
    startup_stm32l431xx.o(HEAP) refers (Special) to heapauxi.o(.text) for __use_two_region_memory
    startup_stm32l431xx.o(RESET) refers (Special) to heapauxi.o(.text) for __use_two_region_memory
    startup_stm32l431xx.o(RESET) refers to startup_stm32l431xx.o(STACK) for __initial_sp
    startup_stm32l431xx.o(RESET) refers to startup_stm32l431xx.o(.text) for Reset_Handler
    startup_stm32l431xx.o(RESET) refers to stm32l4xx_it.o(.text.NMI_Handler) for NMI_Handler
    startup_stm32l431xx.o(RESET) refers to stm32l4xx_it.o(.text.HardFault_Handler) for HardFault_Handler
    startup_stm32l431xx.o(RESET) refers to stm32l4xx_it.o(.text.MemManage_Handler) for MemManage_Handler
    startup_stm32l431xx.o(RESET) refers to stm32l4xx_it.o(.text.BusFault_Handler) for BusFault_Handler
    startup_stm32l431xx.o(RESET) refers to stm32l4xx_it.o(.text.UsageFault_Handler) for UsageFault_Handler
    startup_stm32l431xx.o(RESET) refers to stm32l4xx_it.o(.text.SVC_Handler) for SVC_Handler
    startup_stm32l431xx.o(RESET) refers to stm32l4xx_it.o(.text.DebugMon_Handler) for DebugMon_Handler
    startup_stm32l431xx.o(RESET) refers to stm32l4xx_it.o(.text.PendSV_Handler) for PendSV_Handler
    startup_stm32l431xx.o(RESET) refers to stm32l4xx_it.o(.text.SysTick_Handler) for SysTick_Handler
    startup_stm32l431xx.o(RESET) refers to stm32l4xx_it.o(.text.DMA1_Channel1_IRQHandler) for DMA1_Channel1_IRQHandler
    startup_stm32l431xx.o(RESET) refers to stm32l4xx_it.o(.text.DMA1_Channel4_IRQHandler) for DMA1_Channel4_IRQHandler
    startup_stm32l431xx.o(RESET) refers to stm32l4xx_it.o(.text.DMA1_Channel5_IRQHandler) for DMA1_Channel5_IRQHandler
    startup_stm32l431xx.o(RESET) refers to stm32l4xx_it.o(.text.TIM2_IRQHandler) for TIM2_IRQHandler
    startup_stm32l431xx.o(RESET) refers to stm32l4xx_it.o(.text.USART1_IRQHandler) for USART1_IRQHandler
    startup_stm32l431xx.o(.text) refers (Special) to heapauxi.o(.text) for __use_two_region_memory
    startup_stm32l431xx.o(.text) refers to system_stm32l4xx.o(.text.SystemInit) for SystemInit
    startup_stm32l431xx.o(.text) refers to __main.o(!!!main) for __main
    startup_stm32l431xx.o(.text) refers to startup_stm32l431xx.o(HEAP) for Heap_Mem
    startup_stm32l431xx.o(.text) refers to startup_stm32l431xx.o(STACK) for Stack_Mem
    delay.o(.text.delay_init) refers to stm32l4xx_hal_cortex.o(.text.HAL_SYSTICK_CLKSourceConfig) for HAL_SYSTICK_CLKSourceConfig
    delay.o(.text.delay_init) refers to delay.o(.bss.fac_us) for fac_us
    delay.o(.ARM.exidx.text.delay_init) refers to delay.o(.text.delay_init) for [Anonymous Symbol]
    delay.o(.text.delay_us) refers to delay.o(.bss.fac_us) for fac_us
    delay.o(.ARM.exidx.text.delay_us) refers to delay.o(.text.delay_us) for [Anonymous Symbol]
    delay.o(.text.delay_ms) refers to delay.o(.text.delay_us) for delay_us
    delay.o(.ARM.exidx.text.delay_ms) refers to delay.o(.text.delay_ms) for [Anonymous Symbol]
    key.o(.text.KEY_Init) refers to stm32l4xx_hal_gpio.o(.text.HAL_GPIO_Init) for HAL_GPIO_Init
    key.o(.ARM.exidx.text.KEY_Init) refers to key.o(.text.KEY_Init) for [Anonymous Symbol]
    key.o(.text.KEY_Scan) refers to key.o(.bss.KEY_Scan.key_up) for KEY_Scan.key_up
    key.o(.text.KEY_Scan) refers to stm32l4xx_hal_gpio.o(.text.HAL_GPIO_ReadPin) for HAL_GPIO_ReadPin
    key.o(.ARM.exidx.text.KEY_Scan) refers to key.o(.text.KEY_Scan) for [Anonymous Symbol]
    pid.o(.text.PID_Error_Deal) refers to f2d.o(x$fpl$f2d) for __aeabi_f2d
    pid.o(.text.PID_Error_Deal) refers to daddsub_clz.o(x$fpl$dsub) for __aeabi_dsub
    pid.o(.text.PID_Error_Deal) refers to d2f.o(x$fpl$d2f) for __aeabi_d2f
    pid.o(.text.PID_Error_Deal) refers to pid.o(.text.PID_Control) for PID_Control
    pid.o(.text.PID_Error_Deal) refers to dflt_clz.o(x$fpl$dfltu) for __aeabi_ui2d
    pid.o(.text.PID_Error_Deal) refers to dfix.o(x$fpl$dfix) for __aeabi_d2iz
    pid.o(.ARM.exidx.text.PID_Error_Deal) refers to pid.o(.text.PID_Error_Deal) for [Anonymous Symbol]
    pid.o(.ARM.exidx.text.PID_Control) refers to pid.o(.text.PID_Control) for [Anonymous Symbol]
    filter.o(.text.EE) refers to dmul.o(x$fpl$dmul) for __aeabi_dmul
    filter.o(.text.EE) refers to daddsub_clz.o(x$fpl$dsub) for __aeabi_dsub
    filter.o(.text.EE) refers to daddsub_clz.o(x$fpl$dadd) for __aeabi_dadd
    filter.o(.ARM.exidx.text.EE) refers to filter.o(.text.EE) for [Anonymous Symbol]
    filter.o(.text.create_sin_tab) refers to dmul.o(x$fpl$dmul) for __aeabi_dmul
    filter.o(.text.create_sin_tab) refers to sin.o(i.__hardfp_sin) for __hardfp_sin
    filter.o(.text.create_sin_tab) refers to daddsub_clz.o(x$fpl$dadd) for __aeabi_dadd
    filter.o(.ARM.exidx.text.create_sin_tab) refers to filter.o(.text.create_sin_tab) for [Anonymous Symbol]
[...]
    [Anonymous Symbol]                       0x080016a8   Section        0  stm32l4xx_hal_msp.o(.text.HAL_MspInit)
    [Anonymous Symbol]                       0x080016dc   Section        0  stm32l4xx_hal_cortex.o(.text.HAL_NVIC_EnableIRQ)
    [Anonymous Symbol]                       0x080016e4   Section        0  stm32l4xx_hal_cortex.o(.text.HAL_NVIC_SetPriority)
    [Anonymous Symbol]                       0x08001704   Section        0  stm32l4xx_hal_cortex.o(.text.HAL_NVIC_SetPriorityGrouping)
    [Anonymous Symbol]                       0x0800170c   Section        0  stm32l4xx_hal_pwr_ex.o(.text.HAL_PWREx_ControlVoltageScaling)
    [Anonymous Symbol]                       0x08001784   Section        0  stm32l4xx_hal_pwr_ex.o(.text.HAL_PWREx_GetVoltageRange)
    [Anonymous Symbol]                       0x08001794   Section        0  stm32l4xx_hal_rcc_ex.o(.text.HAL_RCCEx_PeriphCLKConfig)
    [Anonymous Symbol]                       0x08001a50   Section        0  stm32l4xx_hal_rcc.o(.text.HAL_RCC_ClockConfig)
    [Anonymous Symbol]                       0x08001be0   Section        0  stm32l4xx_hal_rcc.o(.text.HAL_RCC_GetHCLKFreq)
    [Anonymous Symbol]                       0x08001bec   Section        0  stm32l4xx_hal_rcc.o(.text.HAL_RCC_GetPCLK1Freq)
    [Anonymous Symbol]                       0x08001c14   Section        0  stm32l4xx_hal_rcc.o(.text.HAL_RCC_GetPCLK2Freq)
    [Anonymous Symbol]                       0x08001c3c   Section        0  stm32l4xx_hal_rcc.o(.text.HAL_RCC_GetSysClockFreq)
    [Anonymous Symbol]                       0x08001cfc   Section        0  stm32l4xx_hal_rcc.o(.text.HAL_RCC_OscConfig)
    [Anonymous Symbol]                       0x080022dc   Section        0  stm32l4xx_hal_spi.o(.text.HAL_SPI_Init)
    [Anonymous Symbol]                       0x080023b8   Section        0  spi.o(.text.HAL_SPI_MspInit)
    [Anonymous Symbol]                       0x0800242c   Section        0  stm32l4xx_hal_cortex.o(.text.HAL_SYSTICK_Config)
    [Anonymous Symbol]                       0x08002434   Section        0  stm32l4xx_hal_tim_ex.o(.text.HAL_TIMEx_Break2Callback)
    [Anonymous Symbol]                       0x08002438   Section        0  stm32l4xx_hal_tim_ex.o(.text.HAL_TIMEx_BreakCallback)
    [Anonymous Symbol]                       0x0800243c   Section        0  stm32l4xx_hal_tim_ex.o(.text.HAL_TIMEx_CommutCallback)
    [Anonymous Symbol]                       0x08002440   Section        0  stm32l4xx_hal_tim_ex.o(.text.HAL_TIMEx_ConfigBreakDeadTime)
    [Anonymous Symbol]                       0x080024e0   Section        0  stm32l4xx_hal_tim_ex.o(.text.HAL_TIMEx_MasterConfigSynchronization)
    [Anonymous Symbol]                       0x08002550   Section        0  stm32l4xx_hal_tim_ex.o(.text.HAL_TIMEx_PWMN_Start)
    [Anonymous Symbol]                       0x08002600   Section        0  stm32l4xx_hal_tim.o(.text.HAL_TIM_Base_Init)
    [Anonymous Symbol]                       0x08002664   Section        0  tim.o(.text.HAL_TIM_Base_MspInit)
    [Anonymous Symbol]                       0x080026c8   Section        0  stm32l4xx_hal_tim.o(.text.HAL_TIM_Base_Start)
    [Anonymous Symbol]                       0x0800272c   Section        0  stm32l4xx_hal_tim.o(.text.HAL_TIM_ConfigClockSource)
    [Anonymous Symbol]                       0x0800280c   Section        0  stm32l4xx_hal_tim.o(.text.HAL_TIM_IC_CaptureCallback)
    [Anonymous Symbol]                       0x08002810   Section        0  stm32l4xx_hal_tim.o(.text.HAL_TIM_IRQHandler)
    [Anonymous Symbol]                       0x08002998   Section        0  tim.o(.text.HAL_TIM_MspPostInit)
    [Anonymous Symbol]                       0x080029f4   Section        0  stm32l4xx_hal_tim.o(.text.HAL_TIM_OC_DelayElapsedCallback)
    [Anonymous Symbol]                       0x080029f8   Section        0  stm32l4xx_hal_tim.o(.text.HAL_TIM_PWM_ConfigChannel)
    [Anonymous Symbol]                       0x08002ab4   Section        0  stm32l4xx_hal_tim.o(.text.HAL_TIM_PWM_Init)
    [Anonymous Symbol]                       0x08002b18   Section        0  stm32l4xx_hal_tim.o(.text.HAL_TIM_PWM_MspInit)
    [Anonymous Symbol]                       0x08002b1c   Section        0  stm32l4xx_hal_tim.o(.text.HAL_TIM_PWM_PulseFinishedCallback)
    [Anonymous Symbol]                       0x08002b20   Section        0  stm32l4xx_hal_tim.o(.text.HAL_TIM_PWM_Start)
    [Anonymous Symbol]                       0x08002c38   Section        0  stm32l4xx_hal_tim.o(.text.HAL_TIM_PeriodElapsedCallback)
    [Anonymous Symbol]                       0x08002c3c   Section        0  stm32l4xx_hal_tim.o(.text.HAL_TIM_TriggerCallback)
    [Anonymous Symbol]                       0x08002c40   Section        0  stm32l4xx_hal_uart.o(.text.HAL_UARTEx_RxEventCallback)
    [Anonymous Symbol]                       0x08002c44   Section        0  stm32l4xx_hal_uart_ex.o(.text.HAL_UARTEx_WakeupCallback)
    [Anonymous Symbol]                       0x08002c48   Section        0  stm32l4xx_hal_uart.o(.text.HAL_UART_ErrorCallback)
    [Anonymous Symbol]                       0x08002c4c   Section        0  stm32l4xx_hal_uart.o(.text.HAL_UART_IRQHandler)
    [Anonymous Symbol]                       0x08002eec   Section        0  stm32l4xx_hal_uart.o(.text.HAL_UART_Init)
    [Anonymous Symbol]                       0x08002f4c   Section        0  usart.o(.text.HAL_UART_MspInit)
    [Anonymous Symbol]                       0x08003064   Section        0  stm32l4xx_hal_uart.o(.text.HAL_UART_Receive_IT)
    [Anonymous Symbol]                       0x080030d0   Section        0  my_usart.o(.text.HAL_UART_RxCpltCallback)
    [Anonymous Symbol]                       0x08003124   Section        0  stm32l4xx_hal_uart.o(.text.HAL_UART_TxCpltCallback)
    [Anonymous Symbol]                       0x08003128   Section        0  stm32l4xx_it.o(.text.HardFault_Handler)
    LL_ADC_DisableDeepPowerDown              0x0800312d   Thumb Code    16  stm32l4xx_hal_adc.o(.text.LL_ADC_DisableDeepPowerDown)
    [Anonymous Symbol]                       0x0800312c   Section        0  stm32l4xx_hal_adc.o(.text.LL_ADC_DisableDeepPowerDown)
    LL_ADC_EnableInternalRegulator           0x0800313d   Thumb Code    20  stm32l4xx_hal_adc.o(.text.LL_ADC_EnableInternalRegulator)
    [Anonymous Symbol]                       0x0800313c   Section        0  stm32l4xx_hal_adc.o(.text.LL_ADC_EnableInternalRegulator)
    LL_ADC_GetCommonPathInternalCh           0x08003151   Thumb Code    16  stm32l4xx_hal_adc.o(.text.LL_ADC_GetCommonPathInternalCh)
    [Anonymous Symbol]                       0x08003150   Section        0  stm32l4xx_hal_adc.o(.text.LL_ADC_GetCommonPathInternalCh)
    LL_ADC_GetOffsetChannel                  0x08003161   Thumb Code    12  stm32l4xx_hal_adc.o(.text.LL_ADC_GetOffsetChannel)
    [Anonymous Symbol]                       0x08003160   Section        0  stm32l4xx_hal_adc.o(.text.LL_ADC_GetOffsetChannel)
    LL_ADC_INJ_IsConversionOngoing           0x0800316d   Thumb Code     8  stm32l4xx_hal_adc.o(.text.LL_ADC_INJ_IsConversionOngoing)
    [Anonymous Symbol]                       0x0800316c   Section        0  stm32l4xx_hal_adc.o(.text.LL_ADC_INJ_IsConversionOngoing)
    LL_ADC_IsDeepPowerDownEnabled            0x08003175   Thumb Code     8  stm32l4xx_hal_adc.o(.text.LL_ADC_IsDeepPowerDownEnabled)
    [Anonymous Symbol]                       0x08003174   Section        0  stm32l4xx_hal_adc.o(.text.LL_ADC_IsDeepPowerDownEnabled)
    LL_ADC_IsEnabled                         0x0800317d   Thumb Code     8  stm32l4xx_hal_adc.o(.text.LL_ADC_IsEnabled)
    [Anonymous Symbol]                       0x0800317c   Section        0  stm32l4xx_hal_adc.o(.text.LL_ADC_IsEnabled)
    LL_ADC_IsInternalRegulatorEnabled        0x08003185   Thumb Code     8  stm32l4xx_hal_adc.o(.text.LL_ADC_IsInternalRegulatorEnabled)
    [Anonymous Symbol]                       0x08003184   Section        0  stm32l4xx_hal_adc.o(.text.LL_ADC_IsInternalRegulatorEnabled)
    LL_ADC_REG_IsConversionOngoing           0x0800318d   Thumb Code     8  stm32l4xx_hal_adc.o(.text.LL_ADC_REG_IsConversionOngoing)
    [Anonymous Symbol]                       0x0800318c   Section        0  stm32l4xx_hal_adc.o(.text.LL_ADC_REG_IsConversionOngoing)
    LL_ADC_REG_SetSequencerRanks             0x08003195   Thumb Code    38  stm32l4xx_hal_adc.o(.text.LL_ADC_REG_SetSequencerRanks)
    [Anonymous Symbol]                       0x08003194   Section        0  stm32l4xx_hal_adc.o(.text.LL_ADC_REG_SetSequencerRanks)
    LL_ADC_SetChannelSamplingTime            0x080031bd   Thumb Code    34  stm32l4xx_hal_adc.o(.text.LL_ADC_SetChannelSamplingTime)
    [Anonymous Symbol]                       0x080031bc   Section        0  stm32l4xx_hal_adc.o(.text.LL_ADC_SetChannelSamplingTime)
    LL_ADC_SetChannelSingleDiff              0x080031e1   Thumb Code    42  stm32l4xx_hal_adc.o(.text.LL_ADC_SetChannelSingleDiff)
    [Anonymous Symbol]                       0x080031e0   Section        0  stm32l4xx_hal_adc.o(.text.LL_ADC_SetChannelSingleDiff)
    LL_ADC_SetCommonClock                    0x0800320d   Thumb Code    20  stm32l4xx_hal_adc.o(.text.LL_ADC_SetCommonClock)
    [Anonymous Symbol]                       0x0800320c   Section        0  stm32l4xx_hal_adc.o(.text.LL_ADC_SetCommonClock)
    LL_ADC_SetCommonPathInternalCh           0x08003221   Thumb Code    20  stm32l4xx_hal_adc.o(.text.LL_ADC_SetCommonPathInternalCh)
    [Anonymous Symbol]                       0x08003220   Section        0  stm32l4xx_hal_adc.o(.text.LL_ADC_SetCommonPathInternalCh)
    LL_ADC_SetOffset                         0x08003235   Thumb Code    36  stm32l4xx_hal_adc.o(.text.LL_ADC_SetOffset)
    [Anonymous Symbol]                       0x08003234   Section        0  stm32l4xx_hal_adc.o(.text.LL_ADC_SetOffset)
    LL_ADC_SetOffsetState                    0x08003259   Thumb Code    14  stm32l4xx_hal_adc.o(.text.LL_ADC_SetOffsetState)
    [Anonymous Symbol]                       0x08003258   Section        0  stm32l4xx_hal_adc.o(.text.LL_ADC_SetOffsetState)
    [Anonymous Symbol]                       0x08003268   Section        0  adc.o(.text.MX_ADC1_Init)
    [Anonymous Symbol]                       0x08003358   Section        0  dma.o(.text.MX_DMA_Init)
    [Anonymous Symbol]                       0x080033ac   Section        0  gpio.o(.text.MX_GPIO_Init)
    [Anonymous Symbol]                       0x08003404   Section        0  spi.o(.text.MX_SPI2_Init)
    [Anonymous Symbol]                       0x08003450   Section        0  tim.o(.text.MX_TIM1_Init)
    [Anonymous Symbol]                       0x08003564   Section        0  tim.o(.text.MX_TIM2_Init)
    [Anonymous Symbol]                       0x080035e0   Section        0  usart.o(.text.MX_USART1_UART_Init)
    [Anonymous Symbol]                       0x08003634   Section        0  stm32l4xx_it.o(.text.MemManage_Handler)
    [Anonymous Symbol]                       0x08003638   Section        0  stm32l4xx_it.o(.text.NMI_Handler)
    NVIC_EncodePriority                      0x0800363d   Thumb Code    44  stm32l4xx_hal_cortex.o(.text.NVIC_EncodePriority)
    [Anonymous Symbol]                       0x0800363c   Section        0  stm32l4xx_hal_cortex.o(.text.NVIC_EncodePriority)
    [Anonymous Symbol]                       0x08003668   Section        0  stm32l4xx_it.o(.text.PendSV_Handler)
    RCCEx_PLLSAI1_Config                     0x0800366d   Thumb Code   390  stm32l4xx_hal_rcc_ex.o(.text.RCCEx_PLLSAI1_Config)
    [Anonymous Symbol]                       0x0800366c   Section        0  stm32l4xx_hal_rcc_ex.o(.text.RCCEx_PLLSAI1_Config)
    RCC_SetFlashLatencyFromMSIRange          0x080037f5   Thumb Code   142  stm32l4xx_hal_rcc.o(.text.RCC_SetFlashLatencyFromMSIRange)
    [Anonymous Symbol]                       0x080037f4   Section        0  stm32l4xx_hal_rcc.o(.text.RCC_SetFlashLatencyFromMSIRange)
    [Anonymous Symbol]                       0x08003884   Section        0  stm32l4xx_it.o(.text.SVC_Handler)
    SysTick_Config                           0x08003889   Thumb Code    46  stm32l4xx_hal_cortex.o(.text.SysTick_Config)
    [Anonymous Symbol]                       0x08003888   Section        0  stm32l4xx_hal_cortex.o(.text.SysTick_Config)
    [Anonymous Symbol]                       0x080038b8   Section        0  stm32l4xx_it.o(.text.SysTick_Handler)
    [Anonymous Symbol]                       0x080038c0   Section        0  main.o(.text.SystemClock_Config)
    [Anonymous Symbol]                       0x0800392c   Section        0  system_stm32l4xx.o(.text.SystemInit)
    [Anonymous Symbol]                       0x08003940   Section        0  stm32l4xx_it.o(.text.TIM2_IRQHandler)
    [Anonymous Symbol]                       0x08003950   Section        0  stm32l4xx_hal_tim.o(.text.TIM_Base_SetConfig)
    [Anonymous Symbol]                       0x080039d8   Section        0  stm32l4xx_hal_tim.o(.text.TIM_CCxChannelCmd)
    TIM_CCxNChannelCmd                       0x080039fd   Thumb Code    36  stm32l4xx_hal_tim_ex.o(.text.TIM_CCxNChannelCmd)
    [Anonymous Symbol]                       0x080039fc   Section        0  stm32l4xx_hal_tim_ex.o(.text.TIM_CCxNChannelCmd)
    [Anonymous Symbol]                       0x08003a20   Section        0  stm32l4xx_hal_tim.o(.text.TIM_ETR_SetConfig)
    TIM_ITRx_SetConfig                       0x08003a39   Thumb Code    16  stm32l4xx_hal_tim.o(.text.TIM_ITRx_SetConfig)
    [Anonymous Symbol]                       0x08003a38   Section        0  stm32l4xx_hal_tim.o(.text.TIM_ITRx_SetConfig)
    TIM_OC1_SetConfig                        0x08003a49   Thumb Code   134  stm32l4xx_hal_tim.o(.text.TIM_OC1_SetConfig)
    [Anonymous Symbol]                       0x08003a48   Section        0  stm32l4xx_hal_tim.o(.text.TIM_OC1_SetConfig)
    [Anonymous Symbol]                       0x08003ad0   Section        0  stm32l4xx_hal_tim.o(.text.TIM_OC2_SetConfig)
    TIM_OC3_SetConfig                        0x08003b59   Thumb Code   136  stm32l4xx_hal_tim.o(.text.TIM_OC3_SetConfig)
    [Anonymous Symbol]                       0x08003b58   Section        0  stm32l4xx_hal_tim.o(.text.TIM_OC3_SetConfig)
    TIM_OC4_SetConfig                        0x08003be1   Thumb Code   104  stm32l4xx_hal_tim.o(.text.TIM_OC4_SetConfig)
    [Anonymous Symbol]                       0x08003be0   Section        0  stm32l4xx_hal_tim.o(.text.TIM_OC4_SetConfig)
    TIM_OC5_SetConfig                        0x08003c49   Thumb Code   102  stm32l4xx_hal_tim.o(.text.TIM_OC5_SetConfig)
    [Anonymous Symbol]                       0x08003c48   Section        0  stm32l4xx_hal_tim.o(.text.TIM_OC5_SetConfig)
    TIM_OC6_SetConfig                        0x08003cb1   Thumb Code   104  stm32l4xx_hal_tim.o(.text.TIM_OC6_SetConfig)
    [Anonymous Symbol]                       0x08003cb0   Section        0  stm32l4xx_hal_tim.o(.text.TIM_OC6_SetConfig)
    TIM_TI1_ConfigInputStage                 0x08003d19   Thumb Code    34  stm32l4xx_hal_tim.o(.text.TIM_TI1_ConfigInputStage)
    [Anonymous Symbol]                       0x08003d18   Section        0  stm32l4xx_hal_tim.o(.text.TIM_TI1_ConfigInputStage)
    TIM_TI2_ConfigInputStage                 0x08003d3d   Thumb Code    36  stm32l4xx_hal_tim.o(.text.TIM_TI2_ConfigInputStage)
    [Anonymous Symbol]                       0x08003d3c   Section        0  stm32l4xx_hal_tim.o(.text.TIM_TI2_ConfigInputStage)
    [Anonymous Symbol]                       0x08003d60   Section        0  stm32l4xx_hal_uart.o(.text.UART_AdvFeatureConfig)
    [Anonymous Symbol]                       0x08003e48   Section        0  stm32l4xx_hal_uart.o(.text.UART_CheckIdleState)
    UART_DMAAbortOnError                     0x08003eb5   Thumb Code    20  stm32l4xx_hal_uart.o(.text.UART_DMAAbortOnError)
    [Anonymous Symbol]                       0x08003eb4   Section        0  stm32l4xx_hal_uart.o(.text.UART_DMAAbortOnError)
    UART_EndRxTransfer                       0x08003ec9   Thumb Code    80  stm32l4xx_hal_uart.o(.text.UART_EndRxTransfer)
    [Anonymous Symbol]                       0x08003ec8   Section        0  stm32l4xx_hal_uart.o(.text.UART_EndRxTransfer)
    UART_EndTransmit_IT                      0x08003f19   Thumb Code    38  stm32l4xx_hal_uart.o(.text.UART_EndTransmit_IT)
    [Anonymous Symbol]                       0x08003f18   Section        0  stm32l4xx_hal_uart.o(.text.UART_EndTransmit_IT)
    UART_RxISR_16BIT                         0x08003f41   Thumb Code   162  stm32l4xx_hal_uart.o(.text.UART_RxISR_16BIT)
    [Anonymous Symbol]                       0x08003f40   Section        0  stm32l4xx_hal_uart.o(.text.UART_RxISR_16BIT)
    UART_RxISR_8BIT                          0x08003fe5   Thumb Code   162  stm32l4xx_hal_uart.o(.text.UART_RxISR_8BIT)
    [Anonymous Symbol]                       0x08003fe4   Section        0  stm32l4xx_hal_uart.o(.text.UART_RxISR_8BIT)
    [Anonymous Symbol]                       0x08004088   Section        0  stm32l4xx_hal_uart.o(.text.UART_SetConfig)
    [Anonymous Symbol]                       0x080042c8   Section        0  stm32l4xx_hal_uart.o(.text.UART_Start_Receive_IT)
    [Anonymous Symbol]                       0x08004384   Section        0  stm32l4xx_hal_uart.o(.text.UART_WaitOnFlagUntilTimeout)
    [Anonymous Symbol]                       0x08004468   Section        0  stm32l4xx_it.o(.text.USART1_IRQHandler)
    [Anonymous Symbol]                       0x08004478   Section        0  stm32l4xx_it.o(.text.UsageFault_Handler)
    __NVIC_EnableIRQ                         0x0800447d   Thumb Code    32  stm32l4xx_hal_cortex.o(.text.__NVIC_EnableIRQ)
    [Anonymous Symbol]                       0x0800447c   Section        0  stm32l4xx_hal_cortex.o(.text.__NVIC_EnableIRQ)
    __NVIC_GetPriorityGrouping               0x0800449d   Thumb Code    16  stm32l4xx_hal_cortex.o(.text.__NVIC_GetPriorityGrouping)
    [Anonymous Symbol]                       0x0800449c   Section        0  stm32l4xx_hal_cortex.o(.text.__NVIC_GetPriorityGrouping)
    __NVIC_SetPriority                       0x080044ad   Thumb Code    34  stm32l4xx_hal_cortex.o(.text.__NVIC_SetPriority)
    [Anonymous Symbol]                       0x080044ac   Section        0  stm32l4xx_hal_cortex.o(.text.__NVIC_SetPriority)
    __NVIC_SetPriorityGrouping               0x080044d1   Thumb Code    32  stm32l4xx_hal_cortex.o(.text.__NVIC_SetPriorityGrouping)
    [Anonymous Symbol]                       0x080044d0   Section        0  stm32l4xx_hal_cortex.o(.text.__NVIC_SetPriorityGrouping)
    [Anonymous Symbol]                       0x080044f0   Section        0  main.o(.text.main)
    CL$$btod_d2e                             0x08004544   Section       62  btod.o(CL$$btod_d2e)
    CL$$btod_d2e_denorm_low                  0x08004582   Section       70  btod.o(CL$$btod_d2e_denorm_low)
    CL$$btod_d2e_norm_op1                    0x080045c8   Section       96  btod.o(CL$$btod_d2e_norm_op1)
    CL$$btod_div_common                      0x08004628   Section      824  btod.o(CL$$btod_div_common)
    CL$$btod_e2e                             0x08004960   Section      220  btod.o(CL$$btod_e2e)
    CL$$btod_ediv                            0x08004a3c   Section       42  btod.o(CL$$btod_ediv)
    CL$$btod_emul                            0x08004a66   Section       42  btod.o(CL$$btod_emul)
    CL$$btod_mult_common                     0x08004a90   Section      580  btod.o(CL$$btod_mult_common)
    i.__ARM_fpclassify                       0x08004cd4   Section        0  fpclassify.o(i.__ARM_fpclassify)
    locale$$code                             0x08004d04   Section       44  lc_numeric_c.o(locale$$code)
    $v0                                      0x08004d30   Number         0  fpinit.o(x$fpl$fpinit)
    x$fpl$fpinit                             0x08004d30   Section       26  fpinit.o(x$fpl$fpinit)
    $v0                                      0x08004d4a   Number         0  printf1.o(x$fpl$printf1)
    x$fpl$printf1                            0x08004d4a   Section        4  printf1.o(x$fpl$printf1)
    x$fpl$usenofp                            0x08004d4e   Section        0  usenofp.o(x$fpl$usenofp)
    tenpwrs_x                                0x08004d50   Data          60  bigflt0.o(.constdata)
    .constdata                               0x08004d50   Section      148  bigflt0.o(.constdata)
    tenpwrs_i                                0x08004d8c   Data          64  bigflt0.o(.constdata)
    locale$$data                             0x08004e4c   Section       28  lc_numeric_c.o(locale$$data)
    __lcnum_c_name                           0x08004e50   Data           2  lc_numeric_c.o(locale$$data)
    __lcnum_c_start                          0x08004e58   Data           0  lc_numeric_c.o(locale$$data)
    __lcnum_c_point                          0x08004e64   Data           0  lc_numeric_c.o(locale$$data)
    __lcnum_c_thousands                      0x08004e66   Data           0  lc_numeric_c.o(locale$$data)
    __lcnum_c_grouping                       0x08004e67   Data           0  lc_numeric_c.o(locale$$data)
    __lcnum_c_end                            0x08004e68   Data           0  lc_numeric_c.o(locale$$data)
    .bss                                     0x20000010   Section       96  libspace.o(.bss)
    Heap_Mem                                 0x20000738   Data         512  startup_stm32l431xx.o(HEAP)
    HEAP                                     0x20000738   Section      512  startup_stm32l431xx.o(HEAP)
    Stack_Mem                                0x20000938   Data        1024  startup_stm32l431xx.o(STACK)
    STACK                                    0x20000938   Section     1024  startup_stm32l431xx.o(STACK)
    __initial_sp                             0x20000d38   Data           0  startup_stm32l431xx.o(STACK)

    Global Symbols

    Symbol Name                              Value     Ov Type        Size  Object(Section)

    BuildAttributes$$THM_ISAv4$E$P$D$K$B$S$7EM$VFPi3$EXTD16$VFPS$VFMA$PE$A:L22UL41UL21$X:L11$S22US41US21$IEEE1$IW$~IW$USESV6$~STKCKD$USESV7$~SHL$OTIME$ROPI$IEEEX$EBA8$UX$STANDARDLIB$REQ8$PRES8$EABIv2 0x00000000   Number         0  anon$$obj.o ABSOLUTE
    _printf_flags                            0x00000000   Number         0  printf_stubs.o ABSOLUTE
    _printf_return_value                     0x00000000   Number         0  printf_stubs.o ABSOLUTE
    _printf_sizespec                         0x00000000   Number         0  printf_stubs.o ABSOLUTE
    _printf_widthprec                        0x00000000   Number         0  printf_stubs.o ABSOLUTE
    __ARM_exceptions_init                     - Undefined Weak Reference
    __alloca_initialize                       - Undefined Weak Reference
    __arm_preinit_                            - Undefined Weak Reference
    __cpp_initialize__aeabi_                  - Undefined Weak Reference
    __cxa_finalize                            - Undefined Weak Reference
    __sigvec_lookup                           - Undefined Weak Reference
    _atexit_init                              - Undefined Weak Reference
    _call_atexit_fns                          - Undefined Weak Reference
    _clock_init                               - Undefined Weak Reference
    _fp_trap_init                             - Undefined Weak Reference
    _fp_trap_shutdown                         - Undefined Weak Reference
    _get_lc_collate                           - Undefined Weak Reference
    _get_lc_monetary                          - Undefined Weak Reference
    _get_lc_time                              - Undefined Weak Reference
    _getenv_init                              - Undefined Weak Reference
    _handle_redirection                       - Undefined Weak Reference
    _init_alloc                               - Undefined Weak Reference
    _init_user_alloc                          - Undefined Weak Reference
    _initio                                   - Undefined Weak Reference
    _printf_mbtowc                            - Undefined Weak Reference
    _printf_wc                                - Undefined Weak Reference
    _rand_init                                - Undefined Weak Reference
    _signal_finish                            - Undefined Weak Reference
    _signal_init                              - Undefined Weak Reference
    _terminate_alloc                          - Undefined Weak Reference
    _terminate_user_alloc                     - Undefined Weak Reference
    _terminateio                              - Undefined Weak Reference
    __Vectors_Size                           0x0000018c   Number         0  startup_stm32l431xx.o ABSOLUTE
    __Vectors                                0x08000000   Data           4  startup_stm32l431xx.o(RESET)
    __Vectors_End                            0x0800018c   Data           0  startup_stm32l431xx.o(RESET)
    __main                                   0x0800018d   Thumb Code     8  __main.o(!!!main)
    __scatterload                            0x08000195   Thumb Code     0  __scatter.o(!!!scatter)
    __scatterload_rt2                        0x08000195   Thumb Code    44  __scatter.o(!!!scatter)
    __scatterload_rt2_thumb_only             0x08000195   Thumb Code     0  __scatter.o(!!!scatter)
    __scatterload_null                       0x080001a3   Thumb Code     0  __scatter.o(!!!scatter)
    __scatterload_copy                       0x080001c9   Thumb Code    26  __scatter_copy.o(!!handler_copy)
    __scatterload_zeroinit                   0x080001e5   Thumb Code    28  __scatter_zi.o(!!handler_zi)
    _printf_f                                0x08000201   Thumb Code     0  _printf_f.o(.ARM.Collect$$_printf_percent$$00000003)
    _printf_percent                          0x08000201   Thumb Code     0  _printf_percent.o(.ARM.Collect$$_printf_percent$$00000000)
    _printf_d                                0x08000207   Thumb Code     0  _printf_d.o(.ARM.Collect$$_printf_percent$$00000009)
    _printf_percent_end                      0x0800020d   Thumb Code     0  _printf_percent_end.o(.ARM.Collect$$_printf_percent$$00000017)
    __rt_lib_init                            0x08000211   Thumb Code     0  libinit.o(.ARM.Collect$$libinit$$00000000)
    __rt_lib_init_fp_1                       0x08000213   Thumb Code     0  libinit2.o(.ARM.Collect$$libinit$$00000001)
    __rt_lib_init_heap_1                     0x08000217   Thumb Code     0  libinit2.o(.ARM.Collect$$libinit$$0000000A)
    __rt_lib_init_lc_common                  0x08000217   Thumb Code     0  libinit2.o(.ARM.Collect$$libinit$$0000000F)
    __rt_lib_init_preinit_1                  0x08000217   Thumb Code     0  libinit2.o(.ARM.Collect$$libinit$$00000004)
    __rt_lib_init_rand_1                     0x08000217   Thumb Code     0  libinit2.o(.ARM.Collect$$libinit$$0000000E)
    __rt_lib_init_user_alloc_1               0x08000217   Thumb Code     0  libinit2.o(.ARM.Collect$$libinit$$0000000C)
    __rt_lib_init_lc_collate_1               0x0800021d   Thumb Code     0  libinit2.o(.ARM.Collect$$libinit$$00000011)
    __rt_lib_init_lc_ctype_1                 0x0800021d   Thumb Code     0  libinit2.o(.ARM.Collect$$libinit$$00000013)
    __rt_lib_init_lc_monetary_1              0x0800021d   Thumb Code     0  libinit2.o(.ARM.Collect$$libinit$$00000015)
    __rt_lib_init_lc_numeric_2               0x0800021d   Thumb Code     0  libinit2.o(.ARM.Collect$$libinit$$00000016)
    __rt_lib_init_alloca_1                   0x08000227   Thumb Code     0  libinit2.o(.ARM.Collect$$libinit$$0000002E)
    __rt_lib_init_argv_1                     0x08000227   Thumb Code     0  libinit2.o(.ARM.Collect$$libinit$$0000002C)
    __rt_lib_init_atexit_1                   0x08000227   Thumb Code     0  libinit2.o(.ARM.Collect$$libinit$$0000001B)
    __rt_lib_init_clock_1                    0x08000227   Thumb Code     0  libinit2.o(.ARM.Collect$$libinit$$00000021)
    __rt_lib_init_cpp_1                      0x08000227   Thumb Code     0  libinit2.o(.ARM.Collect$$libinit$$00000032)
    __rt_lib_init_exceptions_1               0x08000227   Thumb Code     0  libinit2.o(.ARM.Collect$$libinit$$00000030)
    __rt_lib_init_fp_trap_1                  0x08000227   Thumb Code     0  libinit2.o(.ARM.Collect$$libinit$$0000001F)
    __rt_lib_init_getenv_1                   0x08000227   Thumb Code     0  libinit2.o(.ARM.Collect$$libinit$$00000023)
    __rt_lib_init_lc_numeric_1               0x08000227   Thumb Code     0  libinit2.o(.ARM.Collect$$libinit$$00000017)
    __rt_lib_init_lc_time_1                  0x08000227   Thumb Code     0  libinit2.o(.ARM.Collect$$libinit$$00000019)
    __rt_lib_init_return                     0x08000227   Thumb Code     0  libinit2.o(.ARM.Collect$$libinit$$00000033)
    __rt_lib_init_signal_1                   0x08000227   Thumb Code     0  libinit2.o(.ARM.Collect$$libinit$$0000001D)
    __rt_lib_init_stdio_1                    0x08000227   Thumb Code     0  libinit2.o(.ARM.Collect$$libinit$$00000025)
    __rt_lib_shutdown                        0x08000229   Thumb Code     0  libshutdown.o(.ARM.Collect$$libshutdown$$00000000)
    __rt_lib_shutdown_cpp_1                  0x0800022b   Thumb Code     0  libshutdown2.o(.ARM.Collect$$libshutdown$$00000002)
    __rt_lib_shutdown_fp_trap_1              0x0800022b   Thumb Code     0  libshutdown2.o(.ARM.Collect$$libshutdown$$00000007)
    __rt_lib_shutdown_heap_1                 0x0800022b   Thumb Code     0  libshutdown2.o(.ARM.Collect$$libshutdown$$0000000F)
    __rt_lib_shutdown_return                 0x0800022b   Thumb Code     0  libshutdown2.o(.ARM.Collect$$libshutdown$$00000010)
    __rt_lib_shutdown_signal_1               0x0800022b   Thumb Code     0  libshutdown2.o(.ARM.Collect$$libshutdown$$0000000A)
    __rt_lib_shutdown_stdio_1                0x0800022b   Thumb Code     0  libshutdown2.o(.ARM.Collect$$libshutdown$$00000004)
    __rt_lib_shutdown_user_alloc_1           0x0800022b   Thumb Code     0  libshutdown2.o(.ARM.Collect$$libshutdown$$0000000C)
    __rt_entry                               0x0800022d   Thumb Code     0  __rtentry.o(.ARM.Collect$$rtentry$$00000000)
    __rt_entry_presh_1                       0x0800022d   Thumb Code     0  __rtentry2.o(.ARM.Collect$$rtentry$$00000002)
    __rt_entry_sh                            0x0800022d   Thumb Code     0  __rtentry4.o(.ARM.Collect$$rtentry$$00000004)
    __rt_entry_li                            0x08000233   Thumb Code     0  __rtentry2.o(.ARM.Collect$$rtentry$$0000000A)
    __rt_entry_postsh_1                      0x08000233   Thumb Code     0  __rtentry2.o(.ARM.Collect$$rtentry$$00000009)
    __rt_entry_main                          0x08000237   Thumb Code     0  __rtentry2.o(.ARM.Collect$$rtentry$$0000000D)
    __rt_entry_postli_1                      0x08000237   Thumb Code     0  __rtentry2.o(.ARM.Collect$$rtentry$$0000000C)
    __rt_exit                                0x0800023f   Thumb Code     0  rtexit.o(.ARM.Collect$$rtexit$$00000000)
    __rt_exit_ls                             0x08000241   Thumb Code     0  rtexit2.o(.ARM.Collect$$rtexit$$00000003)
    __rt_exit_prels_1                        0x08000241   Thumb Code     0  rtexit2.o(.ARM.Collect$$rtexit$$00000002)
    __rt_exit_exit                           0x08000245   Thumb Code     0  rtexit2.o(.ARM.Collect$$rtexit$$00000004)
    Reset_Handler                            0x0800024d   Thumb Code     8  startup_stm32l431xx.o(.text)
    ADC1_IRQHandler                          0x08000267   Thumb Code     0  startup_stm32l431xx.o(.text)
    CAN1_RX0_IRQHandler                      0x08000267   Thumb Code     0  startup_stm32l431xx.o(.text)
    CAN1_RX1_IRQHandler                      0x08000267   Thumb Code     0  startup_stm32l431xx.o(.text)
    CAN1_SCE_IRQHandler                      0x08000267   Thumb Code     0  startup_stm32l431xx.o(.text)
    CAN1_TX_IRQHandler                       0x08000267   Thumb Code     0  startup_stm32l431xx.o(.text)
    COMP_IRQHandler                          0x08000267   Thumb Code     0  startup_stm32l431xx.o(.text)
    CRS_IRQHandler                           0x08000267   Thumb Code     0  startup_stm32l431xx.o(.text)
    DMA1_Channel2_IRQHandler                 0x08000267   Thumb Code     0  startup_stm32l431xx.o(.text)
    DMA1_Channel3_IRQHandler                 0x08000267   Thumb Code     0  startup_stm32l431xx.o(.text)
    DMA1_Channel6_IRQHandler                 0x08000267   Thumb Code     0  startup_stm32l431xx.o(.text)
    DMA1_Channel7_IRQHandler                 0x08000267   Thumb Code     0  startup_stm32l431xx.o(.text)
    DMA2_Channel1_IRQHandler                 0x08000267   Thumb Code     0  startup_stm32l431xx.o(.text)
    DMA2_Channel2_IRQHandler                 0x08000267   Thumb Code     0  startup_stm32l431xx.o(.text)
    DMA2_Channel3_IRQHandler                 0x08000267   Thumb Code     0  startup_stm32l431xx.o(.text)
    DMA2_Channel4_IRQHandler                 0x08000267   Thumb Code     0  startup_stm32l431xx.o(.text)
    DMA2_Channel5_IRQHandler                 0x08000267   Thumb Code     0  startup_stm32l431xx.o(.text)
    DMA2_Channel6_IRQHandler                 0x08000267   Thumb Code     0  startup_stm32l431xx.o(.text)
    DMA2_Channel7_IRQHandler                 0x08000267   Thumb Code     0  startup_stm32l431xx.o(.text)
    EXTI0_IRQHandler                         0x08000267   Thumb Code     0  startup_stm32l431xx.o(.text)
    EXTI15_10_IRQHandler                     0x08000267   Thumb Code     0  startup_stm32l431xx.o(.text)
    EXTI1_IRQHandler                         0x08000267   Thumb Code     0  startup_stm32l431xx.o(.text)
    EXTI2_IRQHandler                         0x08000267   Thumb Code     0  startup_stm32l431xx.o(.text)
    EXTI3_IRQHandler                         0x08000267   Thumb Code     0  startup_stm32l431xx.o(.text)
    EXTI4_IRQHandler                         0x08000267   Thumb Code     0  startup_stm32l431xx.o(.text)
    EXTI9_5_IRQHandler                       0x08000267   Thumb Code     0  startup_stm32l431xx.o(.text)
    FLASH_IRQHandler                         0x08000267   Thumb Code     0  startup_stm32l431xx.o(.text)
    FPU_IRQHandler                           0x08000267   Thumb Code     0  startup_stm32l431xx.o(.text)
    I2C1_ER_IRQHandler                       0x08000267   Thumb Code     0  startup_stm32l431xx.o(.text)
    I2C1_EV_IRQHandler                       0x08000267   Thumb Code     0  startup_stm32l431xx.o(.text)
    I2C2_ER_IRQHandler                       0x08000267   Thumb Code     0  startup_stm32l431xx.o(.text)
    I2C2_EV_IRQHandler                       0x08000267   Thumb Code     0  startup_stm32l431xx.o(.text)
    I2C3_ER_IRQHandler                       0x08000267   Thumb Code     0  startup_stm32l431xx.o(.text)
    I2C3_EV_IRQHandler                       0x08000267   Thumb Code     0  startup_stm32l431xx.o(.text)
    LPTIM1_IRQHandler                        0x08000267   Thumb Code     0  startup_stm32l431xx.o(.text)
    LPTIM2_IRQHandler                        0x08000267   Thumb Code     0  startup_stm32l431xx.o(.text)
    LPUART1_IRQHandler                       0x08000267   Thumb Code     0  startup_stm32l431xx.o(.text)
    PVD_PVM_IRQHandler                       0x08000267   Thumb Code     0  startup_stm32l431xx.o(.text)
    QUADSPI_IRQHandler                       0x08000267   Thumb Code     0  startup_stm32l431xx.o(.text)
    RCC_IRQHandler                           0x08000267   Thumb Code     0  startup_stm32l431xx.o(.text)
    RNG_IRQHandler                           0x08000267   Thumb Code     0  startup_stm32l431xx.o(.text)
    RTC_Alarm_IRQHandler                     0x08000267   Thumb Code     0  startup_stm32l431xx.o(.text)
    RTC_WKUP_IRQHandler                      0x08000267   Thumb Code     0  startup_stm32l431xx.o(.text)
    SAI1_IRQHandler                          0x08000267   Thumb Code     0  startup_stm32l431xx.o(.text)
    SDMMC1_IRQHandler                        0x08000267   Thumb Code     0  startup_stm32l431xx.o(.text)
    SPI1_IRQHandler                          0x08000267   Thumb Code     0  startup_stm32l431xx.o(.text)
    SPI2_IRQHandler                          0x08000267   Thumb Code     0  startup_stm32l431xx.o(.text)
    SPI3_IRQHandler                          0x08000267   Thumb Code     0  startup_stm32l431xx.o(.text)
    SWPMI1_IRQHandler                        0x08000267   Thumb Code     0  startup_stm32l431xx.o(.text)
    TAMP_STAMP_IRQHandler                    0x08000267   Thumb Code     0  startup_stm32l431xx.o(.text)
    TIM1_BRK_TIM15_IRQHandler                0x08000267   Thumb Code     0  startup_stm32l431xx.o(.text)
    TIM1_CC_IRQHandler                       0x08000267   Thumb Code     0  startup_stm32l431xx.o(.text)
    TIM1_TRG_COM_IRQHandler                  0x08000267   Thumb Code     0  startup_stm32l431xx.o(.text)
    TIM1_UP_TIM16_IRQHandler                 0x08000267   Thumb Code     0  startup_stm32l431xx.o(.text)
    TIM6_DAC_IRQHandler                      0x08000267   Thumb Code     0  startup_stm32l431xx.o(.text)
    TIM7_IRQHandler                          0x08000267   Thumb Code     0  startup_stm32l431xx.o(.text)
    TSC_IRQHandler                           0x08000267   Thumb Code     0  startup_stm32l431xx.o(.text)
    USART2_IRQHandler                        0x08000267   Thumb Code     0  startup_stm32l431xx.o(.text)
    USART3_IRQHandler                        0x08000267   Thumb Code     0  startup_stm32l431xx.o(.text)
    WWDG_IRQHandler                          0x08000267   Thumb Code     0  startup_stm32l431xx.o(.text)
    __user_initial_stackheap                 0x08000269   Thumb Code     0  startup_stm32l431xx.o(.text)
    __aeabi_uldivmod                         0x0800028d   Thumb Code     0  lludivv7m.o(.text)
    _ll_udiv                                 0x0800028d   Thumb Code   240  lludivv7m.o(.text)
    _printf_pre_padding                      0x0800037d   Thumb Code    44  _printf_pad.o(.text)
    _printf_post_padding                     0x080003a9   Thumb Code    34  _printf_pad.o(.text)
    _printf_int_dec                          0x080003cd   Thumb Code   104  _printf_dec.o(.text)
    __aeabi_memclr4                          0x08000445   Thumb Code     0  rt_memclr_w.o(.text)
    __aeabi_memclr8                          0x08000445   Thumb Code     0  rt_memclr_w.o(.text)
    __rt_memclr_w                            0x08000445   Thumb Code     0  rt_memclr_w.o(.text)
    _memset_w                                0x08000449   Thumb Code    74  rt_memclr_w.o(.text)
    __use_two_region_memory                  0x08000493   Thumb Code     2  heapauxi.o(.text)
    __rt_heap_escrow$2region                 0x08000495   Thumb Code     2  heapauxi.o(.text)
    __rt_heap_expand$2region                 0x08000497   Thumb Code     2  heapauxi.o(.text)
    _printf_int_common                       0x08000499   Thumb Code   178  _printf_intcommon.o(.text)
    _printf_fp_dec_real                      0x080006fb   Thumb Code   620  _printf_fp_dec.o(.text)
    __rt_locale                              0x0800096d   Thumb Code     8  rt_locale_intlibspace.o(.text)
    _ll_udiv10                               0x08000975   Thumb Code   138  lludiv10.o(.text)
    _printf_fp_infnan                        0x08000a01   Thumb Code   112  _printf_fp_infnan.o(.text)
    _btod_etento                             0x08000a81   Thumb Code   224  bigflt0.o(.text)
    __user_libspace                          0x08000b65   Thumb Code     8  libspace.o(.text)
    __user_perproc_libspace                  0x08000b65   Thumb Code     0  libspace.o(.text)
    __user_perthread_libspace                0x08000b65   Thumb Code     0  libspace.o(.text)
    __user_setup_stackheap                   0x08000b6d   Thumb Code    74  sys_stackheap_outer.o(.text)
    exit                                     0x08000bb7   Thumb Code    18  exit.o(.text)
    strcmp                                   0x08000bc9   Thumb Code   124  strcmpv7em.o(.text)
    _sys_exit                                0x08000c45   Thumb Code     8  sys_exit.o(.text)
    __I$use$semihosting                      0x08000c51   Thumb Code     0  use_no_semi.o(.text)
    __use_no_semihosting_swi                 0x08000c51   Thumb Code     2  use_no_semi.o(.text)
    __semihosting_library_function           0x08000c53   Thumb Code     0  indicate_semi.o(.text)
    BusFault_Handler                         0x08000c55   Thumb Code     2  stm32l4xx_it.o(.text.BusFault_Handler)
    DMA1_Channel1_IRQHandler                 0x08000c59   Thumb Code    16  stm32l4xx_it.o(.text.DMA1_Channel1_IRQHandler)
    DMA1_Channel4_IRQHandler                 0x08000c69   Thumb Code    16  stm32l4xx_it.o(.text.DMA1_Channel4_IRQHandler)
    DMA1_Channel5_IRQHandler                 0x08000c79   Thumb Code    16  stm32l4xx_it.o(.text.DMA1_Channel5_IRQHandler)
    DebugMon_Handler                         0x08000c89   Thumb Code     2  stm32l4xx_it.o(.text.DebugMon_Handler)
    Error_Handler                            0x08000c8d   Thumb Code    10  main.o(.text.Error_Handler)
    HAL_ADC_ConfigChannel                    0x08000c99   Thumb Code   804  stm32l4xx_hal_adc.o(.text.HAL_ADC_ConfigChannel)
    HAL_ADC_Init                             0x08000fcd   Thumb Code   406  stm32l4xx_hal_adc.o(.text.HAL_ADC_Init)
    HAL_ADC_MspInit                          0x08001165   Thumb Code   234  adc.o(.text.HAL_ADC_MspInit)
    HAL_DMA_Abort                            0x08001251   Thumb Code    68  stm32l4xx_hal_dma.o(.text.HAL_DMA_Abort)
    HAL_DMA_Abort_IT                         0x08001295   Thumb Code    88  stm32l4xx_hal_dma.o(.text.HAL_DMA_Abort_IT)
    HAL_DMA_IRQHandler                       0x080012ed   Thumb Code   170  stm32l4xx_hal_dma.o(.text.HAL_DMA_IRQHandler)
    HAL_DMA_Init                             0x08001399   Thumb Code   204  stm32l4xx_hal_dma.o(.text.HAL_DMA_Init)
    HAL_GPIO_Init                            0x08001465   Thumb Code   414  stm32l4xx_hal_gpio.o(.text.HAL_GPIO_Init)
    HAL_GetTick                              0x08001609   Thumb Code    12  stm32l4xx_hal.o(.text.HAL_GetTick)
    HAL_IncTick                              0x08001615   Thumb Code    26  stm32l4xx_hal.o(.text.HAL_IncTick)
    HAL_Init                                 0x08001631   Thumb Code    30  stm32l4xx_hal.o(.text.HAL_Init)
    HAL_InitTick                             0x08001651   Thumb Code    86  stm32l4xx_hal.o(.text.HAL_InitTick)
    HAL_MspInit                              0x080016a9   Thumb Code    50  stm32l4xx_hal_msp.o(.text.HAL_MspInit)
    HAL_NVIC_EnableIRQ                       0x080016dd   Thumb Code     8  stm32l4xx_hal_cortex.o(.text.HAL_NVIC_EnableIRQ)
    HAL_NVIC_SetPriority                     0x080016e5   Thumb Code    30  stm32l4xx_hal_cortex.o(.text.HAL_NVIC_SetPriority)
    HAL_NVIC_SetPriorityGrouping             0x08001705   Thumb Code     8  stm32l4xx_hal_cortex.o(.text.HAL_NVIC_SetPriorityGrouping)
    HAL_PWREx_ControlVoltageScaling          0x0800170d   Thumb Code   118  stm32l4xx_hal_pwr_ex.o(.text.HAL_PWREx_ControlVoltageScaling)
    HAL_PWREx_GetVoltageRange                0x08001785   Thumb Code    16  stm32l4xx_hal_pwr_ex.o(.text.HAL_PWREx_GetVoltageRange)
    HAL_RCCEx_PeriphCLKConfig                0x08001795   Thumb Code   700  stm32l4xx_hal_rcc_ex.o(.text.HAL_RCCEx_PeriphCLKConfig)
    HAL_RCC_ClockConfig                      0x08001a51   Thumb Code   400  stm32l4xx_hal_rcc.o(.text.HAL_RCC_ClockConfig)
    HAL_RCC_GetHCLKFreq                      0x08001be1   Thumb Code    12  stm32l4xx_hal_rcc.o(.text.HAL_RCC_GetHCLKFreq)
    HAL_RCC_GetPCLK1Freq                     0x08001bed   Thumb Code    38  stm32l4xx_hal_rcc.o(.text.HAL_RCC_GetPCLK1Freq)
    HAL_RCC_GetPCLK2Freq                     0x08001c15   Thumb Code    38  stm32l4xx_hal_rcc.o(.text.HAL_RCC_GetPCLK2Freq)
    HAL_RCC_GetSysClockFreq                  0x08001c3d   Thumb Code   192  stm32l4xx_hal_rcc.o(.text.HAL_RCC_GetSysClockFreq)
    HAL_RCC_OscConfig                        0x08001cfd   Thumb Code  1504  stm32l4xx_hal_rcc.o(.text.HAL_RCC_OscConfig)
    HAL_SPI_Init                             0x080022dd   Thumb Code   218  stm32l4xx_hal_spi.o(.text.HAL_SPI_Init)
    HAL_SPI_MspInit                          0x080023b9   Thumb Code   116  spi.o(.text.HAL_SPI_MspInit)
    HAL_SYSTICK_Config                       0x0800242d   Thumb Code     8  stm32l4xx_hal_cortex.o(.text.HAL_SYSTICK_Config)
    HAL_TIMEx_Break2Callback                 0x08002435   Thumb Code     2  stm32l4xx_hal_tim_ex.o(.text.HAL_TIMEx_Break2Callback)
    HAL_TIMEx_BreakCallback                  0x08002439   Thumb Code     2  stm32l4xx_hal_tim_ex.o(.text.HAL_TIMEx_BreakCallback)
    HAL_TIMEx_CommutCallback                 0x0800243d   Thumb Code     2  stm32l4xx_hal_tim_ex.o(.text.HAL_TIMEx_CommutCallback)
    HAL_TIMEx_ConfigBreakDeadTime            0x08002441   Thumb Code   158  stm32l4xx_hal_tim_ex.o(.text.HAL_TIMEx_ConfigBreakDeadTime)
    HAL_TIMEx_MasterConfigSynchronization    0x080024e1   Thumb Code   110  stm32l4xx_hal_tim_ex.o(.text.HAL_TIMEx_MasterConfigSynchronization)
    HAL_TIMEx_PWMN_Start                     0x08002551   Thumb Code   174  stm32l4xx_hal_tim_ex.o(.text.HAL_TIMEx_PWMN_Start)
    HAL_TIM_Base_Init                        0x08002601   Thumb Code    98  stm32l4xx_hal_tim.o(.text.HAL_TIM_Base_Init)
    HAL_TIM_Base_MspInit                     0x08002665   Thumb Code   100  tim.o(.text.HAL_TIM_Base_MspInit)
    HAL_TIM_Base_Start                       0x080026c9   Thumb Code   100  stm32l4xx_hal_tim.o(.text.HAL_TIM_Base_Start)
    HAL_TIM_ConfigClockSource                0x0800272d   Thumb Code   224  stm32l4xx_hal_tim.o(.text.HAL_TIM_ConfigClockSource)
    HAL_TIM_IC_CaptureCallback               0x0800280d   Thumb Code     2  stm32l4xx_hal_tim.o(.text.HAL_TIM_IC_CaptureCallback)
    HAL_TIM_IRQHandler                       0x08002811   Thumb Code   392  stm32l4xx_hal_tim.o(.text.HAL_TIM_IRQHandler)
    HAL_TIM_MspPostInit                      0x08002999   Thumb Code    92  tim.o(.text.HAL_TIM_MspPostInit)
    HAL_TIM_OC_DelayElapsedCallback          0x080029f5   Thumb Code     2  stm32l4xx_hal_tim.o(.text.HAL_TIM_OC_DelayElapsedCallback)
    HAL_TIM_PWM_ConfigChannel                0x080029f9   Thumb Code   186  stm32l4xx_hal_tim.o(.text.HAL_TIM_PWM_ConfigChannel)
    HAL_TIM_PWM_Init                         0x08002ab5   Thumb Code    98  stm32l4xx_hal_tim.o(.text.HAL_TIM_PWM_Init)
    HAL_TIM_PWM_MspInit                      0x08002b19   Thumb Code     2  stm32l4xx_hal_tim.o(.text.HAL_TIM_PWM_MspInit)
    HAL_TIM_PWM_PulseFinishedCallback        0x08002b1d   Thumb Code     2  stm32l4xx_hal_tim.o(.text.HAL_TIM_PWM_PulseFinishedCallback)
    HAL_TIM_PWM_Start                        0x08002b21   Thumb Code   280  stm32l4xx_hal_tim.o(.text.HAL_TIM_PWM_Start)
    HAL_TIM_PeriodElapsedCallback            0x08002c39   Thumb Code     2  stm32l4xx_hal_tim.o(.text.HAL_TIM_PeriodElapsedCallback)
    HAL_TIM_TriggerCallback                  0x08002c3d   Thumb Code     2  stm32l4xx_hal_tim.o(.text.HAL_TIM_TriggerCallback)
    HAL_UARTEx_RxEventCallback               0x08002c41   Thumb Code     2  stm32l4xx_hal_uart.o(.text.HAL_UARTEx_RxEventCallback)
    HAL_UARTEx_WakeupCallback                0x08002c45   Thumb Code     2  stm32l4xx_hal_uart_ex.o(.text.HAL_UARTEx_WakeupCallback)
    HAL_UART_ErrorCallback                   0x08002c49   Thumb Code     2  stm32l4xx_hal_uart.o(.text.HAL_UART_ErrorCallback)
    HAL_UART_IRQHandler                      0x08002c4d   Thumb Code   672  stm32l4xx_hal_uart.o(.text.HAL_UART_IRQHandler)
    HAL_UART_Init                            0x08002eed   Thumb Code    94  stm32l4xx_hal_uart.o(.text.HAL_UART_Init)
    HAL_UART_MspInit                         0x08002f4d   Thumb Code   278  usart.o(.text.HAL_UART_MspInit)
    HAL_UART_Receive_IT                      0x08003065   Thumb Code   106  stm32l4xx_hal_uart.o(.text.HAL_UART_Receive_IT)
    HAL_UART_RxCpltCallback                  0x080030d1   Thumb Code    84  my_usart.o(.text.HAL_UART_RxCpltCallback)
    HAL_UART_TxCpltCallback                  0x08003125   Thumb Code     2  stm32l4xx_hal_uart.o(.text.HAL_UART_TxCpltCallback)
    HardFault_Handler                        0x08003129   Thumb Code     2  stm32l4xx_it.o(.text.HardFault_Handler)
    MX_ADC1_Init                             0x08003269   Thumb Code   238  adc.o(.text.MX_ADC1_Init)
    MX_DMA_Init                              0x08003359   Thumb Code    82  dma.o(.text.MX_DMA_Init)
    MX_GPIO_Init                             0x080033ad   Thumb Code    86  gpio.o(.text.MX_GPIO_Init)
    MX_SPI2_Init                             0x08003405   Thumb Code    74  spi.o(.text.MX_SPI2_Init)
    MX_TIM1_Init                             0x08003451   Thumb Code   276  tim.o(.text.MX_TIM1_Init)
    MX_TIM2_Init                             0x08003565   Thumb Code   124  tim.o(.text.MX_TIM2_Init)
    MX_USART1_UART_Init                      0x080035e1   Thumb Code    82  usart.o(.text.MX_USART1_UART_Init)
    MemManage_Handler                        0x08003635   Thumb Code     2  stm32l4xx_it.o(.text.MemManage_Handler)
    NMI_Handler                              0x08003639   Thumb Code     2  stm32l4xx_it.o(.text.NMI_Handler)
    PendSV_Handler                           0x08003669   Thumb Code     2  stm32l4xx_it.o(.text.PendSV_Handler)
    SVC_Handler                              0x08003885   Thumb Code     2  stm32l4xx_it.o(.text.SVC_Handler)
    SysTick_Handler                          0x080038b9   Thumb Code     8  stm32l4xx_it.o(.text.SysTick_Handler)
    SystemClock_Config                       0x080038c1   Thumb Code   108  main.o(.text.SystemClock_Config)
    SystemInit                               0x0800392d   Thumb Code    18  system_stm32l4xx.o(.text.SystemInit)
    TIM2_IRQHandler                          0x08003941   Thumb Code    16  stm32l4xx_it.o(.text.TIM2_IRQHandler)
    TIM_Base_SetConfig                       0x08003951   Thumb Code   136  stm32l4xx_hal_tim.o(.text.TIM_Base_SetConfig)
    TIM_CCxChannelCmd                        0x080039d9   Thumb Code    36  stm32l4xx_hal_tim.o(.text.TIM_CCxChannelCmd)
    TIM_ETR_SetConfig                        0x08003a21   Thumb Code    22  stm32l4xx_hal_tim.o(.text.TIM_ETR_SetConfig)
    TIM_OC2_SetConfig                        0x08003ad1   Thumb Code   134  stm32l4xx_hal_tim.o(.text.TIM_OC2_SetConfig)
    UART_AdvFeatureConfig                    0x08003d61   Thumb Code   230  stm32l4xx_hal_uart.o(.text.UART_AdvFeatureConfig)
    UART_CheckIdleState                      0x08003e49   Thumb Code   106  stm32l4xx_hal_uart.o(.text.UART_CheckIdleState)
    UART_SetConfig                           0x08004089   Thumb Code   544  stm32l4xx_hal_uart.o(.text.UART_SetConfig)
    UART_Start_Receive_IT                    0x080042c9   Thumb Code   186  stm32l4xx_hal_uart.o(.text.UART_Start_Receive_IT)
    UART_WaitOnFlagUntilTimeout              0x08004385   Thumb Code   228  stm32l4xx_hal_uart.o(.text.UART_WaitOnFlagUntilTimeout)
    USART1_IRQHandler                        0x08004469   Thumb Code    16  stm32l4xx_it.o(.text.USART1_IRQHandler)
    UsageFault_Handler                       0x08004479   Thumb Code     2  stm32l4xx_it.o(.text.UsageFault_Handler)
    main                                     0x080044f1   Thumb Code    84  main.o(.text.main)
    _btod_d2e                                0x08004545   Thumb Code    62  btod.o(CL$$btod_d2e)
    _d2e_denorm_low                          0x08004583   Thumb Code    70  btod.o(CL$$btod_d2e_denorm_low)
    _d2e_norm_op1                            0x080045c9   Thumb Code    96  btod.o(CL$$btod_d2e_norm_op1)
    __btod_div_common                        0x08004629   Thumb Code   696  btod.o(CL$$btod_div_common)
    _e2e                                     0x08004961   Thumb Code   220  btod.o(CL$$btod_e2e)
    _btod_ediv                               0x08004a3d   Thumb Code    42  btod.o(CL$$btod_ediv)
    _btod_emul                               0x08004a67   Thumb Code    42  btod.o(CL$$btod_emul)
    __btod_mult_common                       0x08004a91   Thumb Code   580  btod.o(CL$$btod_mult_common)
    __ARM_fpclassify                         0x08004cd5   Thumb Code    48  fpclassify.o(i.__ARM_fpclassify)
    _get_lc_numeric                          0x08004d05   Thumb Code    44  lc_numeric_c.o(locale$$code)
    _fp_init                                 0x08004d31   Thumb Code    26  fpinit.o(x$fpl$fpinit)
    __fplib_config_fpu_vfp                   0x08004d49   Thumb Code     0  fpinit.o(x$fpl$fpinit)
    __fplib_config_pureend_doubles           0x08004d49   Thumb Code     0  fpinit.o(x$fpl$fpinit)
    _printf_fp_dec                           0x08004d4b   Thumb Code     4  printf1.o(x$fpl$printf1)
    __I$use$fp                               0x08004d4e   Number         0  usenofp.o(x$fpl$usenofp)
    AHBPrescTable                            0x08004de4   Data          16  system_stm32l4xx.o(.rodata.AHBPrescTable)
    APBPrescTable                            0x08004df4   Data           8  system_stm32l4xx.o(.rodata.APBPrescTable)
    MSIRangeTable                            0x08004dfc   Data          48  system_stm32l4xx.o(.rodata.MSIRangeTable)
    Region$$Table$$Base                      0x08004e2c   Number         0  anon$$obj.o(Region$$Table)
    Region$$Table$$Limit                     0x08004e4c   Number         0  anon$$obj.o(Region$$Table)
    SystemCoreClock                          0x20000000   Data           4  system_stm32l4xx.o(.data.SystemCoreClock)
    uwTickFreq                               0x20000004   Data           1  stm32l4xx_hal.o(.data.uwTickFreq)
    uwTickPrio                               0x20000008   Data           4  stm32l4xx_hal.o(.data.uwTickPrio)
    __libspace_start                         0x20000010   Data          96  libspace.o(.bss)
    UART1_Rx_Buf                             0x20000070   Data        1024  my_usart.o(.bss.UART1_Rx_Buf)
    __temporary_stack_top$libspace           0x20000070   Data           0  libspace.o(.bss)
    UART1_Rx_cnt                             0x20000470   Data           4  my_usart.o(.bss.UART1_Rx_cnt)
    UART1_Rx_flg                             0x20000474   Data           1  my_usart.o(.bss.UART1_Rx_flg)
    UART1_temp                               0x20000475   Data           1  my_usart.o(.bss.UART1_temp)
    hadc1                                    0x20000478   Data         100  adc.o(.bss.hadc1)
    hdma_adc1                                0x200004dc   Data          72  adc.o(.bss.hdma_adc1)
    hdma_usart1_rx                           0x20000524   Data          72  usart.o(.bss.hdma_usart1_rx)
    hdma_usart1_tx                           0x2000056c   Data          72  usart.o(.bss.hdma_usart1_tx)
    hspi2                                    0x200005b4   Data         100  spi.o(.bss.hspi2)
    htim1                                    0x20000618   Data          76  tim.o(.bss.htim1)
    htim2                                    0x20000664   Data          76  tim.o(.bss.htim2)
    huart1                                   0x200006b0   Data         132  usart.o(.bss.huart1)
    uwTick                                   0x20000734   Data           4  stm32l4xx_hal.o(.bss.uwTick)



==============================================================================

Memory Map of the image

  Image Entry point : 0x0800018d

  Load Region LR_IROM1 (Base: 0x08000000, Size: 0x00004e78, Max: 0x00040000, ABSOLUTE)

    Execution Region ER_IROM1 (Exec base: 0x08000000, Load base: 0x08000000, Size: 0x00004e68, Max: 0x00040000, ABSOLUTE)

    Exec Addr    Load Addr    Size         Type   Attr      Idx    E Section Name        Object

    0x08000000   0x08000000   0x0000018c   Data   RO            3    RESET               startup_stm32l431xx.o
    0x0800018c   0x0800018c   0x00000008   Code   RO         2028  * !!!main             c_w.l(__main.o)
    0x08000194   0x08000194   0x00000034   Code   RO         2450    !!!scatter          c_w.l(__scatter.o)
    0x080001c8   0x080001c8   0x0000001a   Code   RO         2452    !!handler_copy      c_w.l(__scatter_copy.o)
    0x080001e2   0x080001e2   0x00000002   PAD
    0x080001e4   0x080001e4   0x0000001c   Code   RO         2454    !!handler_zi        c_w.l(__scatter_zi.o)
    0x08000200   0x08000200   0x00000000   Code   RO         2021    .ARM.Collect$$_printf_percent$$00000000  c_w.l(_printf_percent.o)
    0x08000200   0x08000200   0x00000006   Code   RO         2020    .ARM.Collect$$_printf_percent$$00000003  c_w.l(_printf_f.o)
    0x08000206   0x08000206   0x00000006   Code   RO         2019    .ARM.Collect$$_printf_percent$$00000009  c_w.l(_printf_d.o)
    0x0800020c   0x0800020c   0x00000004   Code   RO         2144    .ARM.Collect$$_printf_percent$$00000017  c_w.l(_printf_percent_end.o)
    0x08000210   0x08000210   0x00000002   Code   RO         2312    .ARM.Collect$$libinit$$00000000  c_w.l(libinit.o)
    0x08000212   0x08000212   0x00000004   Code   RO         2313    .ARM.Collect$$libinit$$00000001  c_w.l(libinit2.o)
    0x08000216   0x08000216   0x00000000   Code   RO         2316    .ARM.Collect$$libinit$$00000004  c_w.l(libinit2.o)
    0x08000216   0x08000216   0x00000000   Code   RO         2319    .ARM.Collect$$libinit$$0000000A  c_w.l(libinit2.o)
    0x08000216   0x08000216   0x00000000   Code   RO         2321    .ARM.Collect$$libinit$$0000000C  c_w.l(libinit2.o)
    0x08000216   0x08000216   0x00000000   Code   RO         2323    .ARM.Collect$$libinit$$0000000E  c_w.l(libinit2.o)
    0x08000216   0x08000216   0x00000006   Code   RO         2324    .ARM.Collect$$libinit$$0000000F  c_w.l(libinit2.o)
    0x0800021c   0x0800021c   0x00000000   Code   RO         2326    .ARM.Collect$$libinit$$00000011  c_w.l(libinit2.o)
    0x0800021c   0x0800021c   0x00000000   Code   RO         2328    .ARM.Collect$$libinit$$00000013  c_w.l(libinit2.o)
    0x0800021c   0x0800021c   0x00000000   Code   RO         2330    .ARM.Collect$$libinit$$00000015  c_w.l(libinit2.o)
    0x0800021c   0x0800021c   0x0000000a   Code   RO         2331    .ARM.Collect$$libinit$$00000016  c_w.l(libinit2.o)
    0x08000226   0x08000226   0x00000000   Code   RO         2332    .ARM.Collect$$libinit$$00000017  c_w.l(libinit2.o)
    0x08000226   0x08000226   0x00000000   Code   RO         2334    .ARM.Collect$$libinit$$00000019  c_w.l(libinit2.o)
    0x08000226   0x08000226   0x00000000   Code   RO         2336    .ARM.Collect$$libinit$$0000001B  c_w.l(libinit2.o)
    0x08000226   0x08000226   0x00000000   Code   RO         2338    .ARM.Collect$$libinit$$0000001D  c_w.l(libinit2.o)
    0x08000226   0x08000226   0x00000000   Code   RO         2340    .ARM.Collect$$libinit$$0000001F  c_w.l(libinit2.o)
    0x08000226   0x08000226   0x00000000   Code   RO         2342    .ARM.Collect$$libinit$$00000021  c_w.l(libinit2.o)
    0x08000226   0x08000226   0x00000000   Code   RO         2344    .ARM.Collect$$libinit$$00000023  c_w.l(libinit2.o)
    0x08000226   0x08000226   0x00000000   Code   RO         2346    .ARM.Collect$$libinit$$00000025  c_w.l(libinit2.o)
    0x08000226   0x08000226   0x00000000   Code   RO         2350    .ARM.Collect$$libinit$$0000002C  c_w.l(libinit2.o)
    0x08000226   0x08000226   0x00000000   Code   RO         2352    .ARM.Collect$$libinit$$0000002E  c_w.l(libinit2.o)
    0x08000226   0x08000226   0x00000000   Code   RO         2354    .ARM.Collect$$libinit$$00000030  c_w.l(libinit2.o)
    0x08000226   0x08000226   0x00000000   Code   RO         2356    .ARM.Collect$$libinit$$00000032  c_w.l(libinit2.o)
    0x08000226   0x08000226   0x00000002   Code   RO         2357    .ARM.Collect$$libinit$$00000033  c_w.l(libinit2.o)
    0x08000228   0x08000228   0x00000002   Code   RO         2415    .ARM.Collect$$libshutdown$$00000000  c_w.l(libshutdown.o)
    0x0800022a   0x0800022a   0x00000000   Code   RO         2433    .ARM.Collect$$libshutdown$$00000002  c_w.l(libshutdown2.o)
    0x0800022a   0x0800022a   0x00000000   Code   RO         2435    .ARM.Collect$$libshutdown$$00000004  c_w.l(libshutdown2.o)
    0x0800022a   0x0800022a   0x00000000   Code   RO         2438    .ARM.Collect$$libshutdown$$00000007  c_w.l(libshutdown2.o)
    0x0800022a   0x0800022a   0x00000000   Code   RO         2441    .ARM.Collect$$libshutdown$$0000000A  c_w.l(libshutdown2.o)
    0x0800022a   0x0800022a   0x00000000   Code   RO         2443    .ARM.Collect$$libshutdown$$0000000C  c_w.l(libshutdown2.o)
    0x0800022a   0x0800022a   0x00000000   Code   RO         2446    .ARM.Collect$$libshutdown$$0000000F  c_w.l(libshutdown2.o)
    0x0800022a   0x0800022a   0x00000002   Code   RO         2447    .ARM.Collect$$libshutdown$$00000010  c_w.l(libshutdown2.o)
    0x0800022c   0x0800022c   0x00000000   Code   RO         2076    .ARM.Collect$$rtentry$$00000000  c_w.l(__rtentry.o)
    0x0800022c   0x0800022c   0x00000000   Code   RO         2205    .ARM.Collect$$rtentry$$00000002  c_w.l(__rtentry2.o)
    0x0800022c   0x0800022c   0x00000006   Code   RO         2217    .ARM.Collect$$rtentry$$00000004  c_w.l(__rtentry4.o)
    0x08000232   0x08000232   0x00000000   Code   RO         2207    .ARM.Collect$$rtentry$$00000009  c_w.l(__rtentry2.o)
    0x08000232   0x08000232   0x00000004   Code   RO         2208    .ARM.Collect$$rtentry$$0000000A  c_w.l(__rtentry2.o)
    0x08000236   0x08000236   0x00000000   Code   RO         2210    .ARM.Collect$$rtentry$$0000000C  c_w.l(__rtentry2.o)
    0x08000236   0x08000236   0x00000008   Code   RO         2211    .ARM.Collect$$rtentry$$0000000D  c_w.l(__rtentry2.o)
    0x0800023e   0x0800023e   0x00000002   Code   RO         2358    .ARM.Collect$$rtexit$$00000000  c_w.l(rtexit.o)
    0x08000240   0x08000240   0x00000000   Code   RO         2380    .ARM.Collect$$rtexit$$00000002  c_w.l(rtexit2.o)
    0x08000240   0x08000240   0x00000004   Code   RO         2381    .ARM.Collect$$rtexit$$00000003  c_w.l(rtexit2.o)
    0x08000244   0x08000244   0x00000006   Code   RO         2382    .ARM.Collect$$rtexit$$00000004  c_w.l(rtexit2.o)
    0x0800024a   0x0800024a   0x00000002   PAD
    0x0800024c   0x0800024c   0x00000040   Code   RO            4    .text               startup_stm32l431xx.o
    0x0800028c   0x0800028c   0x000000f0   Code   RO         1985    .text               c_w.l(lludivv7m.o)
    0x0800037c   0x0800037c   0x0000004e   Code   RO         1995    .text               c_w.l(_printf_pad.o)
    0x080003ca   0x080003ca   0x00000002   PAD
    0x080003cc   0x080003cc   0x00000078   Code   RO         1997    .text               c_w.l(_printf_dec.o)
    0x08000444   0x08000444   0x0000004e   Code   RO         2024    .text               c_w.l(rt_memclr_w.o)
    0x08000492   0x08000492   0x00000006   Code   RO         2026    .text               c_w.l(heapauxi.o)
    0x08000498   0x08000498   0x000000b2   Code   RO         2087    .text               c_w.l(_printf_intcommon.o)
    0x0800054a   0x0800054a   0x00000422   Code   RO         2091    .text               c_w.l(_printf_fp_dec.o)
    0x0800096c   0x0800096c   0x00000008   Code   RO         2224    .text               c_w.l(rt_locale_intlibspace.o)
    0x08000974   0x08000974   0x0000008a   Code   RO         2231    .text               c_w.l(lludiv10.o)
    0x080009fe   0x080009fe   0x00000002   PAD
    0x08000a00   0x08000a00   0x00000080   Code   RO         2236    .text               c_w.l(_printf_fp_infnan.o)
    0x08000a80   0x08000a80   0x000000e4   Code   RO         2244    .text               c_w.l(bigflt0.o)
    0x08000b64   0x08000b64   0x00000008   Code   RO         2290    .text               c_w.l(libspace.o)
    0x08000b6c   0x08000b6c   0x0000004a   Code   RO         2293    .text               c_w.l(sys_stackheap_outer.o)
    0x08000bb6   0x08000bb6   0x00000012   Code   RO         2299    .text               c_w.l(exit.o)
    0x08000bc8   0x08000bc8   0x0000007c   Code   RO         2305    .text               c_w.l(strcmpv7em.o)
    0x08000c44   0x08000c44   0x0000000c   Code   RO         2375    .text               c_w.l(sys_exit.o)
    0x08000c50   0x08000c50   0x00000002   Code   RO         2402    .text               c_w.l(use_no_semi.o)
    0x08000c52   0x08000c52   0x00000000   Code   RO         2404    .text               c_w.l(indicate_semi.o)
    0x08000c52   0x08000c52   0x00000002   PAD
    0x08000c54   0x08000c54   0x00000002   Code   RO          315    .text.BusFault_Handler  stm32l4xx_it.o
    0x08000c56   0x08000c56   0x00000002   PAD
    0x08000c58   0x08000c58   0x00000010   Code   RO          327    .text.DMA1_Channel1_IRQHandler  stm32l4xx_it.o
    0x08000c68   0x08000c68   0x00000010   Code   RO          329    .text.DMA1_Channel4_IRQHandler  stm32l4xx_it.o
    0x08000c78   0x08000c78   0x00000010   Code   RO          331    .text.DMA1_Channel5_IRQHandler  stm32l4xx_it.o
    0x08000c88   0x08000c88   0x00000002   Code   RO          321    .text.DebugMon_Handler  stm32l4xx_it.o
    0x08000c8a   0x08000c8a   0x00000002   PAD
    0x08000c8c   0x08000c8c   0x0000000a   Code   RO          182    .text.Error_Handler  main.o
    0x08000c96   0x08000c96   0x00000002   PAD
    0x08000c98   0x08000c98   0x00000334   Code   RO          441    .text.HAL_ADC_ConfigChannel  stm32l4xx_hal_adc.o
    0x08000fcc   0x08000fcc   0x00000196   Code   RO          371    .text.HAL_ADC_Init  stm32l4xx_hal_adc.o
    0x08001162   0x08001162   0x00000002   PAD
    0x08001164   0x08001164   0x000000ea   Code   RO          234    .text.HAL_ADC_MspInit  adc.o
    0x0800124e   0x0800124e   0x00000002   PAD
    0x08001250   0x08001250   0x00000044   Code   RO         1090    .text.HAL_DMA_Abort  stm32l4xx_hal_dma.o
    0x08001294   0x08001294   0x00000058   Code   RO         1092    .text.HAL_DMA_Abort_IT  stm32l4xx_hal_dma.o
    0x080012ec   0x080012ec   0x000000aa   Code   RO         1096    .text.HAL_DMA_IRQHandler  stm32l4xx_hal_dma.o
    0x08001396   0x08001396   0x00000002   PAD
    0x08001398   0x08001398   0x000000cc   Code   RO         1080    .text.HAL_DMA_Init  stm32l4xx_hal_dma.o
    0x08001464   0x08001464   0x000001a4   Code   RO         1056    .text.HAL_GPIO_Init  stm32l4xx_hal_gpio.o
    0x08001608   0x08001608   0x0000000c   Code   RO          611    .text.HAL_GetTick   stm32l4xx_hal.o
    0x08001614   0x08001614   0x0000001a   Code   RO          609    .text.HAL_IncTick   stm32l4xx_hal.o
    0x0800162e   0x0800162e   0x00000002   PAD
    0x08001630   0x08001630   0x0000001e   Code   RO          599    .text.HAL_Init      stm32l4xx_hal.o
    0x0800164e   0x0800164e   0x00000002   PAD
    0x08001650   0x08001650   0x00000056   Code   RO          601    .text.HAL_InitTick  stm32l4xx_hal.o
    0x080016a6   0x080016a6   0x00000002   PAD
    0x080016a8   0x080016a8   0x00000032   Code   RO          344    .text.HAL_MspInit   stm32l4xx_hal_msp.o
    0x080016da   0x080016da   0x00000002   PAD
    0x080016dc   0x080016dc   0x00000008   Code   RO         1233    .text.HAL_NVIC_EnableIRQ  stm32l4xx_hal_cortex.o
    0x080016e4   0x080016e4   0x0000001e   Code   RO         1225    .text.HAL_NVIC_SetPriority  stm32l4xx_hal_cortex.o
    0x08001702   0x08001702   0x00000002   PAD
    0x08001704   0x08001704   0x00000008   Code   RO         1221    .text.HAL_NVIC_SetPriorityGrouping  stm32l4xx_hal_cortex.o
    0x0800170c   0x0800170c   0x00000076   Code   RO         1157    .text.HAL_PWREx_ControlVoltageScaling  stm32l4xx_hal_pwr_ex.o
    0x08001782   0x08001782   0x00000002   PAD
    0x08001784   0x08001784   0x00000010   Code   RO         1155    .text.HAL_PWREx_GetVoltageRange  stm32l4xx_hal_pwr_ex.o
    0x08001794   0x08001794   0x000002bc   Code   RO          908    .text.HAL_RCCEx_PeriphCLKConfig  stm32l4xx_hal_rcc_ex.o
    0x08001a50   0x08001a50   0x00000190   Code   RO          878    .text.HAL_RCC_ClockConfig  stm32l4xx_hal_rcc.o
    0x08001be0   0x08001be0   0x0000000c   Code   RO          882    .text.HAL_RCC_GetHCLKFreq  stm32l4xx_hal_rcc.o
    0x08001bec   0x08001bec   0x00000026   Code   RO          884    .text.HAL_RCC_GetPCLK1Freq  stm32l4xx_hal_rcc.o
    0x08001c12   0x08001c12   0x00000002   PAD
    0x08001c14   0x08001c14   0x00000026   Code   RO          886    .text.HAL_RCC_GetPCLK2Freq  stm32l4xx_hal_rcc.o
    0x08001c3a   0x08001c3a   0x00000002   PAD
    0x08001c3c   0x08001c3c   0x000000c0   Code   RO          876    .text.HAL_RCC_GetSysClockFreq  stm32l4xx_hal_rcc.o
    0x08001cfc   0x08001cfc   0x000005e0   Code   RO          872    .text.HAL_RCC_OscConfig  stm32l4xx_hal_rcc.o
    0x080022dc   0x080022dc   0x000000da   Code   RO         1319    .text.HAL_SPI_Init  stm32l4xx_hal_spi.o
    0x080023b6   0x080023b6   0x00000002   PAD
    0x080023b8   0x080023b8   0x00000074   Code   RO          259    .text.HAL_SPI_MspInit  spi.o
    0x0800242c   0x0800242c   0x00000008   Code   RO         1245    .text.HAL_SYSTICK_Config  stm32l4xx_hal_cortex.o
    0x08002434   0x08002434   0x00000002   Code   RO         1782    .text.HAL_TIMEx_Break2Callback  stm32l4xx_hal_tim_ex.o
    0x08002436   0x08002436   0x00000002   PAD
    0x08002438   0x08002438   0x00000002   Code   RO         1780    .text.HAL_TIMEx_BreakCallback  stm32l4xx_hal_tim_ex.o
    0x0800243a   0x0800243a   0x00000002   PAD
    0x0800243c   0x0800243c   0x00000002   Code   RO         1776    .text.HAL_TIMEx_CommutCallback  stm32l4xx_hal_tim_ex.o
    0x0800243e   0x0800243e   0x00000002   PAD
    0x08002440   0x08002440   0x0000009e   Code   RO         1768    .text.HAL_TIMEx_ConfigBreakDeadTime  stm32l4xx_hal_tim_ex.o
    0x080024de   0x080024de   0x00000002   PAD
    0x080024e0   0x080024e0   0x0000006e   Code   RO         1766    .text.HAL_TIMEx_MasterConfigSynchronization  stm32l4xx_hal_tim_ex.o
    0x0800254e   0x0800254e   0x00000002   PAD
    0x08002550   0x08002550   0x000000ae   Code   RO         1736    .text.HAL_TIMEx_PWMN_Start  stm32l4xx_hal_tim_ex.o
    0x080025fe   0x080025fe   0x00000002   PAD
    0x08002600   0x08002600   0x00000062   Code   RO         1448    .text.HAL_TIM_Base_Init  stm32l4xx_hal_tim.o
    0x08002662   0x08002662   0x00000002   PAD
    0x08002664   0x08002664   0x00000064   Code   RO          278    .text.HAL_TIM_Base_MspInit  tim.o
    0x080026c8   0x080026c8   0x00000064   Code   RO         1458    .text.HAL_TIM_Base_Start  stm32l4xx_hal_tim.o
    0x0800272c   0x0800272c   0x000000e0   Code   RO         1644    .text.HAL_TIM_ConfigClockSource  stm32l4xx_hal_tim.o
    0x0800280c   0x0800280c   0x00000002   Code   RO         1584    .text.HAL_TIM_IC_CaptureCallback  stm32l4xx_hal_tim.o
    0x0800280e   0x0800280e   0x00000002   PAD
    0x08002810   0x08002810   0x00000188   Code   RO         1582    .text.HAL_TIM_IRQHandler  stm32l4xx_hal_tim.o
    0x08002998   0x08002998   0x0000005c   Code   RO          274    .text.HAL_TIM_MspPostInit  tim.o
    0x080029f4   0x080029f4   0x00000002   Code   RO         1586    .text.HAL_TIM_OC_DelayElapsedCallback  stm32l4xx_hal_tim.o
    0x080029f6   0x080029f6   0x00000002   PAD
    0x080029f8   0x080029f8   0x000000ba   Code   RO         1618    .text.HAL_TIM_PWM_ConfigChannel  stm32l4xx_hal_tim.o
    0x08002ab2   0x08002ab2   0x00000002   PAD
    0x08002ab4   0x08002ab4   0x00000062   Code   RO         1502    .text.HAL_TIM_PWM_Init  stm32l4xx_hal_tim.o
    0x08002b16   0x08002b16   0x00000002   PAD
    0x08002b18   0x08002b18   0x00000002   Code   RO         1504    .text.HAL_TIM_PWM_MspInit  stm32l4xx_hal_tim.o
    0x08002b1a   0x08002b1a   0x00000002   PAD
    0x08002b1c   0x08002b1c   0x00000002   Code   RO         1588    .text.HAL_TIM_PWM_PulseFinishedCallback  stm32l4xx_hal_tim.o
    0x08002b1e   0x08002b1e   0x00000002   PAD
    0x08002b20   0x08002b20   0x00000118   Code   RO         1510    .text.HAL_TIM_PWM_Start  stm32l4xx_hal_tim.o
    0x08002c38   0x08002c38   0x00000002   Code   RO         1590    .text.HAL_TIM_PeriodElapsedCallback  stm32l4xx_hal_tim.o
    0x08002c3a   0x08002c3a   0x00000002   PAD
    0x08002c3c   0x08002c3c   0x00000002   Code   RO         1592    .text.HAL_TIM_TriggerCallback  stm32l4xx_hal_tim.o
    0x08002c3e   0x08002c3e   0x00000002   PAD
    0x08002c40   0x08002c40   0x00000002   Code   RO         1886    .text.HAL_UARTEx_RxEventCallback  stm32l4xx_hal_uart.o
    0x08002c42   0x08002c42   0x00000002   PAD
    0x08002c44   0x08002c44   0x00000002   Code   RO         1938    .text.HAL_UARTEx_WakeupCallback  stm32l4xx_hal_uart_ex.o
    0x08002c46   0x08002c46   0x00000002   PAD
    0x08002c48   0x08002c48   0x00000002   Code   RO         1884    .text.HAL_UART_ErrorCallback  stm32l4xx_hal_uart.o
    0x08002c4a   0x08002c4a   0x00000002   PAD
    0x08002c4c   0x08002c4c   0x000002a0   Code   RO         1880    .text.HAL_UART_IRQHandler  stm32l4xx_hal_uart.o
    0x08002eec   0x08002eec   0x0000005e   Code   RO         1796    .text.HAL_UART_Init  stm32l4xx_hal_uart.o
    0x08002f4a   0x08002f4a   0x00000002   PAD
    0x08002f4c   0x08002f4c   0x00000116   Code   RO          294    .text.HAL_UART_MspInit  usart.o
    0x08003062   0x08003062   0x00000002   PAD
    0x08003064   0x08003064   0x0000006a   Code   RO         1828    .text.HAL_UART_Receive_IT  stm32l4xx_hal_uart.o
    0x080030ce   0x080030ce   0x00000002   PAD
    0x080030d0   0x080030d0   0x00000054   Code   RO          356    .text.HAL_UART_RxCpltCallback  my_usart.o
    0x08003124   0x08003124   0x00000002   Code   RO         1890    .text.HAL_UART_TxCpltCallback  stm32l4xx_hal_uart.o
    0x08003126   0x08003126   0x00000002   PAD
    0x08003128   0x08003128   0x00000002   Code   RO          311    .text.HardFault_Handler  stm32l4xx_it.o
    0x0800312a   0x0800312a   0x00000002   PAD
    0x0800312c   0x0800312c   0x00000010   Code   RO          377    .text.LL_ADC_DisableDeepPowerDown  stm32l4xx_hal_adc.o
    0x0800313c   0x0800313c   0x00000014   Code   RO          381    .text.LL_ADC_EnableInternalRegulator  stm32l4xx_hal_adc.o
    0x08003150   0x08003150   0x00000010   Code   RO          455    .text.LL_ADC_GetCommonPathInternalCh  stm32l4xx_hal_adc.o
    0x08003160   0x08003160   0x0000000c   Code   RO          449    .text.LL_ADC_GetOffsetChannel  stm32l4xx_hal_adc.o
    0x0800316c   0x0800316c   0x00000008   Code   RO          389    .text.LL_ADC_INJ_IsConversionOngoing  stm32l4xx_hal_adc.o
    0x08003174   0x08003174   0x00000008   Code   RO          375    .text.LL_ADC_IsDeepPowerDownEnabled  stm32l4xx_hal_adc.o
    0x0800317c   0x0800317c   0x00000008   Code   RO          385    .text.LL_ADC_IsEnabled  stm32l4xx_hal_adc.o
    0x08003184   0x08003184   0x00000008   Code   RO          379    .text.LL_ADC_IsInternalRegulatorEnabled  stm32l4xx_hal_adc.o
    0x0800318c   0x0800318c   0x00000008   Code   RO          383    .text.LL_ADC_REG_IsConversionOngoing  stm32l4xx_hal_adc.o
    0x08003194   0x08003194   0x00000026   Code   RO          443    .text.LL_ADC_REG_SetSequencerRanks  stm32l4xx_hal_adc.o
    0x080031ba   0x080031ba   0x00000002   PAD
    0x080031bc   0x080031bc   0x00000022   Code   RO          445    .text.LL_ADC_SetChannelSamplingTime  stm32l4xx_hal_adc.o
    0x080031de   0x080031de   0x00000002   PAD
    0x080031e0   0x080031e0   0x0000002a   Code   RO          453    .text.LL_ADC_SetChannelSingleDiff  stm32l4xx_hal_adc.o
    0x0800320a   0x0800320a   0x00000002   PAD
    0x0800320c   0x0800320c   0x00000014   Code   RO          387    .text.LL_ADC_SetCommonClock  stm32l4xx_hal_adc.o
    0x08003220   0x08003220   0x00000014   Code   RO          457    .text.LL_ADC_SetCommonPathInternalCh  stm32l4xx_hal_adc.o
    0x08003234   0x08003234   0x00000024   Code   RO          447    .text.LL_ADC_SetOffset  stm32l4xx_hal_adc.o
    0x08003258   0x08003258   0x0000000e   Code   RO          451    .text.LL_ADC_SetOffsetState  stm32l4xx_hal_adc.o
    0x08003266   0x08003266   0x00000002   PAD
    0x08003268   0x08003268   0x000000ee   Code   RO          232    .text.MX_ADC1_Init  adc.o
    0x08003356   0x08003356   0x00000002   PAD
    0x08003358   0x08003358   0x00000052   Code   RO          248    .text.MX_DMA_Init   dma.o
    0x080033aa   0x080033aa   0x00000002   PAD
    0x080033ac   0x080033ac   0x00000056   Code   RO          224    .text.MX_GPIO_Init  gpio.o
    0x08003402   0x08003402   0x00000002   PAD
    0x08003404   0x08003404   0x0000004a   Code   RO          257    .text.MX_SPI2_Init  spi.o
    0x0800344e   0x0800344e   0x00000002   PAD
    0x08003450   0x08003450   0x00000114   Code   RO          272    .text.MX_TIM1_Init  tim.o
    0x08003564   0x08003564   0x0000007c   Code   RO          276    .text.MX_TIM2_Init  tim.o
    0x080035e0   0x080035e0   0x00000052   Code   RO          292    .text.MX_USART1_UART_Init  usart.o
    0x08003632   0x08003632   0x00000002   PAD
    0x08003634   0x08003634   0x00000002   Code   RO          313    .text.MemManage_Handler  stm32l4xx_it.o
    0x08003636   0x08003636   0x00000002   PAD
    0x08003638   0x08003638   0x00000002   Code   RO          309    .text.NMI_Handler   stm32l4xx_it.o
    0x0800363a   0x0800363a   0x00000002   PAD
    0x0800363c   0x0800363c   0x0000002c   Code   RO         1231    .text.NVIC_EncodePriority  stm32l4xx_hal_cortex.o
    0x08003668   0x08003668   0x00000002   Code   RO          323    .text.PendSV_Handler  stm32l4xx_it.o
    0x0800366a   0x0800366a   0x00000002   PAD
    0x0800366c   0x0800366c   0x00000186   Code   RO          910    .text.RCCEx_PLLSAI1_Config  stm32l4xx_hal_rcc_ex.o
    0x080037f2   0x080037f2   0x00000002   PAD
    0x080037f4   0x080037f4   0x0000008e   Code   RO          874    .text.RCC_SetFlashLatencyFromMSIRange  stm32l4xx_hal_rcc.o
    0x08003882   0x08003882   0x00000002   PAD
    0x08003884   0x08003884   0x00000002   Code   RO          319    .text.SVC_Handler   stm32l4xx_it.o
    0x08003886   0x08003886   0x00000002   PAD
    0x08003888   0x08003888   0x0000002e   Code   RO         1247    .text.SysTick_Config  stm32l4xx_hal_cortex.o
    0x080038b6   0x080038b6   0x00000002   PAD
    0x080038b8   0x080038b8   0x00000008   Code   RO          325    .text.SysTick_Handler  stm32l4xx_it.o
    0x080038c0   0x080038c0   0x0000006c   Code   RO          180    .text.SystemClock_Config  main.o
    0x0800392c   0x0800392c   0x00000012   Code   RO         1968    .text.SystemInit    system_stm32l4xx.o
    0x0800393e   0x0800393e   0x00000002   PAD
    0x08003940   0x08003940   0x00000010   Code   RO          333    .text.TIM2_IRQHandler  stm32l4xx_it.o
    0x08003950   0x08003950   0x00000088   Code   RO         1452    .text.TIM_Base_SetConfig  stm32l4xx_hal_tim.o
    0x080039d8   0x080039d8   0x00000024   Code   RO         1486    .text.TIM_CCxChannelCmd  stm32l4xx_hal_tim.o
    0x080039fc   0x080039fc   0x00000024   Code   RO         1720    .text.TIM_CCxNChannelCmd  stm32l4xx_hal_tim_ex.o
    0x08003a20   0x08003a20   0x00000016   Code   RO         1642    .text.TIM_ETR_SetConfig  stm32l4xx_hal_tim.o
    0x08003a36   0x08003a36   0x00000002   PAD
    0x08003a38   0x08003a38   0x00000010   Code   RO         1648    .text.TIM_ITRx_SetConfig  stm32l4xx_hal_tim.o
    0x08003a48   0x08003a48   0x00000086   Code   RO         1596    .text.TIM_OC1_SetConfig  stm32l4xx_hal_tim.o
    0x08003ace   0x08003ace   0x00000002   PAD
    0x08003ad0   0x08003ad0   0x00000086   Code   RO         1598    .text.TIM_OC2_SetConfig  stm32l4xx_hal_tim.o
    0x08003b56   0x08003b56   0x00000002   PAD
    0x08003b58   0x08003b58   0x00000088   Code   RO         1600    .text.TIM_OC3_SetConfig  stm32l4xx_hal_tim.o
    0x08003be0   0x08003be0   0x00000068   Code   RO         1602    .text.TIM_OC4_SetConfig  stm32l4xx_hal_tim.o
    0x08003c48   0x08003c48   0x00000066   Code   RO         1604    .text.TIM_OC5_SetConfig  stm32l4xx_hal_tim.o
    0x08003cae   0x08003cae   0x00000002   PAD
    0x08003cb0   0x08003cb0   0x00000068   Code   RO         1606    .text.TIM_OC6_SetConfig  stm32l4xx_hal_tim.o
    0x08003d18   0x08003d18   0x00000022   Code   RO         1646    .text.TIM_TI1_ConfigInputStage  stm32l4xx_hal_tim.o
    0x08003d3a   0x08003d3a   0x00000002   PAD
    0x08003d3c   0x08003d3c   0x00000024   Code   RO         1650    .text.TIM_TI2_ConfigInputStage  stm32l4xx_hal_tim.o
    0x08003d60   0x08003d60   0x000000e6   Code   RO         1802    .text.UART_AdvFeatureConfig  stm32l4xx_hal_uart.o
    0x08003e46   0x08003e46   0x00000002   PAD
    0x08003e48   0x08003e48   0x0000006a   Code   RO         1804    .text.UART_CheckIdleState  stm32l4xx_hal_uart.o
    0x08003eb2   0x08003eb2   0x00000002   PAD
    0x08003eb4   0x08003eb4   0x00000014   Code   RO         1882    .text.UART_DMAAbortOnError  stm32l4xx_hal_uart.o
    0x08003ec8   0x08003ec8   0x00000050   Code   RO         1852    .text.UART_EndRxTransfer  stm32l4xx_hal_uart.o
    0x08003f18   0x08003f18   0x00000026   Code   RO         1888    .text.UART_EndTransmit_IT  stm32l4xx_hal_uart.o
    0x08003f3e   0x08003f3e   0x00000002   PAD
    0x08003f40   0x08003f40   0x000000a2   Code   RO         1920    .text.UART_RxISR_16BIT  stm32l4xx_hal_uart.o
    0x08003fe2   0x08003fe2   0x00000002   PAD
    0x08003fe4   0x08003fe4   0x000000a2   Code   RO         1922    .text.UART_RxISR_8BIT  stm32l4xx_hal_uart.o
    0x08004086   0x08004086   0x00000002   PAD
    0x08004088   0x08004088   0x00000240   Code   RO         1800    .text.UART_SetConfig  stm32l4xx_hal_uart.o
    0x080042c8   0x080042c8   0x000000ba   Code   RO         1830    .text.UART_Start_Receive_IT  stm32l4xx_hal_uart.o
    0x08004382   0x08004382   0x00000002   PAD
    0x08004384   0x08004384   0x000000e4   Code   RO         1818    .text.UART_WaitOnFlagUntilTimeout  stm32l4xx_hal_uart.o
    0x08004468   0x08004468   0x00000010   Code   RO          335    .text.USART1_IRQHandler  stm32l4xx_it.o
    0x08004478   0x08004478   0x00000002   Code   RO          317    .text.UsageFault_Handler  stm32l4xx_it.o
    0x0800447a   0x0800447a   0x00000002   PAD
    0x0800447c   0x0800447c   0x00000020   Code   RO         1235    .text.__NVIC_EnableIRQ  stm32l4xx_hal_cortex.o
    0x0800449c   0x0800449c   0x00000010   Code   RO         1227    .text.__NVIC_GetPriorityGrouping  stm32l4xx_hal_cortex.o
    0x080044ac   0x080044ac   0x00000022   Code   RO         1229    .text.__NVIC_SetPriority  stm32l4xx_hal_cortex.o
    0x080044ce   0x080044ce   0x00000002   PAD
    0x080044d0   0x080044d0   0x00000020   Code   RO         1223    .text.__NVIC_SetPriorityGrouping  stm32l4xx_hal_cortex.o
    0x080044f0   0x080044f0   0x00000054   Code   RO          178    .text.main          main.o
    0x08004544   0x08004544   0x0000003e   Code   RO         2247    CL$$btod_d2e        c_w.l(btod.o)
    0x08004582   0x08004582   0x00000046   Code   RO         2249    CL$$btod_d2e_denorm_low  c_w.l(btod.o)
    0x080045c8   0x080045c8   0x00000060   Code   RO         2248    CL$$btod_d2e_norm_op1  c_w.l(btod.o)
    0x08004628   0x08004628   0x00000338   Code   RO         2257    CL$$btod_div_common  c_w.l(btod.o)
    0x08004960   0x08004960   0x000000dc   Code   RO         2254    CL$$btod_e2e        c_w.l(btod.o)
    0x08004a3c   0x08004a3c   0x0000002a   Code   RO         2251    CL$$btod_ediv       c_w.l(btod.o)
    0x08004a66   0x08004a66   0x0000002a   Code   RO         2250    CL$$btod_emul       c_w.l(btod.o)
    0x08004a90   0x08004a90   0x00000244   Code   RO         2256    CL$$btod_mult_common  c_w.l(btod.o)
    0x08004cd4   0x08004cd4   0x00000030   Code   RO         2286    i.__ARM_fpclassify  m_wm.l(fpclassify.o)
    0x08004d04   0x08004d04   0x0000002c   Code   RO         2274    locale$$code        c_w.l(lc_numeric_c.o)
    0x08004d30   0x08004d30   0x0000001a   Code   RO         2373    x$fpl$fpinit        fz_wm.l(fpinit.o)
    0x08004d4a   0x08004d4a   0x00000004   Code   RO         2062    x$fpl$printf1       fz_wm.l(printf1.o)
    0x08004d4e   0x08004d4e   0x00000000   Code   RO         2178    x$fpl$usenofp       fz_wm.l(usenofp.o)
    0x08004d4e   0x08004d4e   0x00000002   PAD
    0x08004d50   0x08004d50   0x00000094   Data   RO         2245    .constdata          c_w.l(bigflt0.o)
    0x08004de4   0x08004de4   0x00000010   Data   RO         1973    .rodata.AHBPrescTable  system_stm32l4xx.o
    0x08004df4   0x08004df4   0x00000008   Data   RO         1974    .rodata.APBPrescTable  system_stm32l4xx.o
    0x08004dfc   0x08004dfc   0x00000030   Data   RO         1975    .rodata.MSIRangeTable  system_stm32l4xx.o
    0x08004e2c   0x08004e2c   0x00000020   Data   RO         2449    Region$$Table       anon$$obj.o
    0x08004e4c   0x08004e4c   0x0000001c   Data   RO         2273    locale$$data        c_w.l(lc_numeric_c.o)


    Execution Region RW_IRAM2 (Exec base: 0x10000000, Load base: 0x08004e78, Size: 0x00000000, Max: 0x00004000, ABSOLUTE)

    **** No section assigned to this execution region ****


    Execution Region RW_IRAM1 (Exec base: 0x20000000, Load base: 0x08004e68, Size: 0x00000d38, Max: 0x0000c000, ABSOLUTE)

    Exec Addr    Load Addr    Size         Type   Attr      Idx    E Section Name        Object

    0x20000000   0x08004e68   0x00000004   Data   RW         1972    .data.SystemCoreClock  system_stm32l4xx.o
    0x20000004   0x08004e6c   0x00000001   Data   RW          670    .data.uwTickFreq    stm32l4xx_hal.o
    0x20000005   0x08004e6d   0x00000003   PAD
    0x20000008   0x08004e70   0x00000004   Data   RW          669    .data.uwTickPrio    stm32l4xx_hal.o
    0x2000000c   0x08004e74   0x00000004   PAD
    0x20000010        -       0x00000060   Zero   RW         2291    .bss                c_w.l(libspace.o)
    0x20000070        -       0x00000400   Zero   RW          358    .bss.UART1_Rx_Buf   my_usart.o
    0x20000470        -       0x00000004   Zero   RW          360    .bss.UART1_Rx_cnt   my_usart.o
    0x20000474        -       0x00000001   Zero   RW          359    .bss.UART1_Rx_flg   my_usart.o
    0x20000475        -       0x00000001   Zero   RW          361    .bss.UART1_temp     my_usart.o
    0x20000476   0x08004e74   0x00000002   PAD
    0x20000478        -       0x00000064   Zero   RW          238    .bss.hadc1          adc.o
    0x200004dc        -       0x00000048   Zero   RW          239    .bss.hdma_adc1      adc.o
    0x20000524        -       0x00000048   Zero   RW          300    .bss.hdma_usart1_rx  usart.o
    0x2000056c        -       0x00000048   Zero   RW          299    .bss.hdma_usart1_tx  usart.o
    0x200005b4        -       0x00000064   Zero   RW          263    .bss.hspi2          spi.o
    0x20000618        -       0x0000004c   Zero   RW          282    .bss.htim1          tim.o
    0x20000664        -       0x0000004c   Zero   RW          283    .bss.htim2          tim.o
    0x200006b0        -       0x00000084   Zero   RW          298    .bss.huart1         usart.o
    0x20000734        -       0x00000004   Zero   RW          671    .bss.uwTick         stm32l4xx_hal.o
    0x20000738        -       0x00000200   Zero   RW            2    HEAP                startup_stm32l431xx.o
    0x20000938        -       0x00000400   Zero   RW            1    STACK               startup_stm32l431xx.o


==============================================================================

Image component sizes


      Code (inc. data)   RO Data    RW Data    ZI Data      Debug   Object Name

       472          0          0          0        172       6625   adc.o
        82          0          0          0          0       3078   dma.o
        86          0          0          0          0       1591   gpio.o
       202          0          0          0          0       4509   main.o
        84          0          0          0       1030       4405   my_usart.o
       190          0          0          0        100       4971   spi.o
        64         26        396          0       1536        820   startup_stm32l431xx.o
       154          0          0          5          4       8510   stm32l4xx_hal.o
      1534         16          0          0          0      21002   stm32l4xx_hal_adc.o
       258          0          0          0          0      10380   stm32l4xx_hal_cortex.o
       530          0          0          0          0       7243   stm32l4xx_hal_dma.o
       420          0          0          0          0       5343   stm32l4xx_hal_gpio.o
        50          0          0          0          0       1565   stm32l4xx_hal_msp.o
       134          0          0          0          0       8287   stm32l4xx_hal_pwr_ex.o
      2326          0          0          0          0       9567   stm32l4xx_hal_rcc.o
      1090          0          0          0          0      13645   stm32l4xx_hal_rcc_ex.o
       218          0          0          0          0      22780   stm32l4xx_hal_spi.o
      2384         14          0          0          0      47872   stm32l4xx_hal_tim.o
       484          0          0          0          0      20476   stm32l4xx_hal_tim_ex.o
      2666         62          0          0          0      28589   stm32l4xx_hal_uart.o
         2          0          0          0          0       8115   stm32l4xx_hal_uart_ex.o
       104          0          0          0          0       2439   stm32l4xx_it.o
        18          0         72          4          0       2948   system_stm32l4xx.o
       592          0          0          0        152       8610   tim.o
       360          0          0          0        276       7703   usart.o

    ----------------------------------------------------------------------
     14640        118        500         12       3276     261073   Object Totals
         0          0         32          0          0          0   (incl. Generated)
       136          0          0          3          6          0   (incl. Padding)

    ----------------------------------------------------------------------

      Code (inc. data)   RO Data    RW Data    ZI Data      Debug   Library Member Name

         8          0          0          0          0         68   __main.o
         0          0          0          0          0          0   __rtentry.o
        12          0          0          0          0          0   __rtentry2.o
         6          0          0          0          0          0   __rtentry4.o
        52          8          0          0          0          0   __scatter.o
        26          0          0          0          0          0   __scatter_copy.o
        28          0          0          0          0          0   __scatter_zi.o
         6          0          0          0          0          0   _printf_d.o
       120         16          0          0          0         92   _printf_dec.o
         6          0          0          0          0          0   _printf_f.o
      1058          0          0          0          0        148   _printf_fp_dec.o
       128         16          0          0          0         84   _printf_fp_infnan.o
       178          0          0          0          0         88   _printf_intcommon.o
        78          0          0          0          0        108   _printf_pad.o
         0          0          0          0          0          0   _printf_percent.o
         4          0          0          0          0          0   _printf_percent_end.o
       228          4        148          0          0         96   bigflt0.o
      1936        128          0          0          0        668   btod.o
        18          0          0          0          0         80   exit.o
         6          0          0          0          0        152   heapauxi.o
         0          0          0          0          0          0   indicate_semi.o
        44         10         28          0          0         76   lc_numeric_c.o
         2          0          0          0          0          0   libinit.o
        22          0          0          0          0          0   libinit2.o
         2          0          0          0          0          0   libshutdown.o
         2          0          0          0          0          0   libshutdown2.o
         8          4          0          0         96         68   libspace.o
       138          0          0          0          0         80   lludiv10.o
       240          0          0          0          0        100   lludivv7m.o
         8          4          0          0          0         68   rt_locale_intlibspace.o
        78          0          0          0          0         80   rt_memclr_w.o
         2          0          0          0          0          0   rtexit.o
        10          0          0          0          0          0   rtexit2.o
       124          0          0          0          0         88   strcmpv7em.o
        12          4          0          0          0         68   sys_exit.o
        74          0          0          0          0         80   sys_stackheap_outer.o
         2          0          0          0          0         68   use_no_semi.o
        26          0          0          0          0        116   fpinit.o
         4          0          0          0          0        116   printf1.o
         0          0          0          0          0          0   usenofp.o
        48          0          0          0          0        124   fpclassify.o

    ----------------------------------------------------------------------
      4756        194        176          0         96       2716   Library Totals
        12          0          0          0          0          0   (incl. Padding)

    ----------------------------------------------------------------------

      Code (inc. data)   RO Data    RW Data    ZI Data      Debug   Library Name

      4666        194        176          0         96       2360   c_w.l
        30          0          0          0          0        232   fz_wm.l
        48          0          0          0          0        124   m_wm.l

    ----------------------------------------------------------------------
      4756        194        176          0         96       2716   Library Totals

    ----------------------------------------------------------------------

==============================================================================


      Code (inc. data)   RO Data    RW Data    ZI Data      Debug   

     19396        312        676         12       3372     262033   Grand Totals
     19396        312        676         12       3372     262033   ELF Image Totals
     19396        312        676         12          0          0   ROM Totals

==============================================================================

    Total RO  Size (Code + RO Data)                20072 (  19.60kB)
    Total RW  Size (RW Data + ZI Data)              3384 (   3.30kB)
    Total ROM Size (Code + RO Data + RW Data)      20084 (  19.61kB)

==============================================================================

